Component: ARM Compiler 5.06 update 1 (build 61) Tool: armlink [4d35a8]

==============================================================================

Section Cross References

    main.o(i.main) refers to usart.o(i.uart_init) for uart_init
    main.o(i.main) refers to usart.o(i.M_printf) for M_printf
    main.o(i.main) refers to sys.o(i.SysTick_Init) for SysTick_Init
    main.o(i.main) refers to rs485.o(i.RS485_Init) for RS485_Init
    main.o(i.main) refers to misc.o(i.NVIC_PriorityGroupConfig) for NVIC_PriorityGroupConfig
    main.o(i.main) refers to sys.o(i.Cf_init) for Cf_init
    main.o(i.main) refers to sys.o(i.processRunningMode) for processRunningMode
    main.o(i.main) refers to sys.o(.bss) for systm
    main.o(i.main) refers to sys.o(.data) for sys
    stm32f10x_it.o(i.SysTick_Handler) refers to sys.o(i.timerTick_app) for timerTick_app
    system_stm32f10x.o(i.SetSysClock) refers to system_stm32f10x.o(i.SetSysClockTo72) for SetSysClockTo72
    system_stm32f10x.o(i.SystemCoreClockUpdate) refers to system_stm32f10x.o(.data) for SystemCoreClock
    system_stm32f10x.o(i.SystemInit) refers to system_stm32f10x.o(i.SetSysClock) for SetSysClock
    delay.o(i.delay_ms) refers to delay.o(i.delay_us) for delay_us
    delay.o(i.delay_s) refers to delay.o(i.delay_ms) for delay_ms
    sys.o(i.Adc_Init) refers to stm32f10x_rcc.o(i.RCC_APB2PeriphClockCmd) for RCC_APB2PeriphClockCmd
    sys.o(i.Adc_Init) refers to stm32f10x_rcc.o(i.RCC_ADCCLKConfig) for RCC_ADCCLKConfig
    sys.o(i.Adc_Init) refers to stm32f10x_gpio.o(i.GPIO_Init) for GPIO_Init
    sys.o(i.Adc_Init) refers to stm32f10x_adc.o(i.ADC_DeInit) for ADC_DeInit
    sys.o(i.Adc_Init) refers to stm32f10x_adc.o(i.ADC_Init) for ADC_Init
    sys.o(i.Adc_Init) refers to stm32f10x_adc.o(i.ADC_Cmd) for ADC_Cmd
    sys.o(i.Adc_Init) refers to stm32f10x_adc.o(i.ADC_ResetCalibration) for ADC_ResetCalibration
    sys.o(i.Adc_Init) refers to stm32f10x_adc.o(i.ADC_GetResetCalibrationStatus) for ADC_GetResetCalibrationStatus
    sys.o(i.Adc_Init) refers to stm32f10x_adc.o(i.ADC_StartCalibration) for ADC_StartCalibration
    sys.o(i.Adc_Init) refers to stm32f10x_adc.o(i.ADC_GetCalibrationStatus) for ADC_GetCalibrationStatus
    sys.o(i.Cf_init) refers to rt_memclr.o(.text) for __aeabi_memclr
    sys.o(i.Cf_init) refers to usart.o(i.M_printf) for M_printf
    sys.o(i.Cf_init) refers to sys.o(.data) for cfgsys
    sys.o(i.Cf_init) refers to sys.o(.bss) for data_save
    sys.o(i.Clear_databuff) refers to rt_memclr_w.o(.text) for __aeabi_memclr4
    sys.o(i.Clear_databuff) refers to sys.o(.bss) for Data_buff
    sys.o(i.Data_save) refers to w25qxx.o(i.W25QXX_Read) for W25QXX_Read
    sys.o(i.Data_save) refers to w25qxx.o(i.W25QXX_Write) for W25QXX_Write
    sys.o(i.Data_save) refers to sys.o(i.data_send_check) for data_send_check
    sys.o(i.Data_save) refers to sys.o(.bss) for flash
    sys.o(i.Data_save) refers to rs485.o(.bss) for RS485_RX_BUF
    sys.o(i.Get_Adc) refers to stm32f10x_adc.o(i.ADC_RegularChannelConfig) for ADC_RegularChannelConfig
    sys.o(i.Get_Adc) refers to stm32f10x_adc.o(i.ADC_SoftwareStartConvCmd) for ADC_SoftwareStartConvCmd
    sys.o(i.Get_Adc) refers to stm32f10x_adc.o(i.ADC_GetFlagStatus) for ADC_GetFlagStatus
    sys.o(i.Get_Adc) refers to stm32f10x_adc.o(i.ADC_GetConversionValue) for ADC_GetConversionValue
    sys.o(i.Get_random_num) refers to sys.o(i.Adc_Init) for Adc_Init
    sys.o(i.Get_random_num) refers to sys.o(i.Get_Adc) for Get_Adc
    sys.o(i.Get_random_num) refers to rand.o(.text) for srand
    sys.o(i.Get_random_num) refers to rand.o(.emb_text) for rand
    sys.o(i.Get_random_num) refers to sys.o(.data) for iSeed
    sys.o(i.HtyDatasend) refers to sys.o(i.data_send_check) for data_send_check
    sys.o(i.HtyDatasend) refers to usart.o(i.M_printf) for M_printf
    sys.o(i.HtyDatasend) refers to gprs.o(i.heartbeat) for heartbeat
    sys.o(i.HtyDatasend) refers to sys.o(i.clear_sendbuf) for clear_sendbuf
    sys.o(i.HtyDatasend) refers to sys.o(i.data_read) for data_read
    sys.o(i.HtyDatasend) refers to sys.o(i.u8_to_u32) for u8_to_u32
    sys.o(i.HtyDatasend) refers to gprs.o(i.revl) for revl
    sys.o(i.HtyDatasend) refers to sys.o(i.Get_random_num) for Get_random_num
    sys.o(i.HtyDatasend) refers to sys.o(i.u32_to_u8) for u32_to_u8
    sys.o(i.HtyDatasend) refers to sys.o(i.data_write) for data_write
    sys.o(i.HtyDatasend) refers to gprs.o(i.send_data_to_sever) for send_data_to_sever
    sys.o(i.HtyDatasend) refers to sys.o(.data) for sys
    sys.o(i.HtyDatasend) refers to sys.o(.bss) for data_save
    sys.o(i.HtyDatasend) refers to gprs.o(.bss) for sdk_cmd_info
    sys.o(i.State_check) refers to rs485.o(.bss) for RS485_RX_BUF
    sys.o(i.SysTick_Init) refers to system_stm32f10x.o(.data) for SystemCoreClock
    sys.o(i.Sys_clk_driver) refers to usart.o(i.M_printf) for M_printf
    sys.o(i.Sys_clk_driver) refers to sys.o(i.SysTick_Init) for SysTick_Init
    sys.o(i.Sys_clk_driver) refers to timer.o(i.Time_Init) for Time_Init
[...]
    i.Find                                   0x08002484   Section        0  gprs.o(i.Find)
    Find                                     0x08002485   Thumb Code    22  gprs.o(i.Find)
    i.GPIO_Init                              0x080024a0   Section        0  stm32f10x_gpio.o(i.GPIO_Init)
    i.GPIO_SetBits                           0x080025b6   Section        0  stm32f10x_gpio.o(i.GPIO_SetBits)
    i.GPRS_APP                               0x080025bc   Section        0  gprs.o(i.GPRS_APP)
    i.GPRS_init                              0x08002608   Section        0  gprs.o(i.GPRS_init)
    i.Get_Adc                                0x08002630   Section        0  sys.o(i.Get_Adc)
    i.Get_random_num                         0x08002664   Section        0  sys.o(i.Get_random_num)
    i.HardFault_Handler                      0x080026a0   Section        0  stm32f10x_it.o(i.HardFault_Handler)
    i.HtyDatasend                            0x080026a4   Section        0  sys.o(i.HtyDatasend)
    i.M_printf                               0x08002e90   Section        0  usart.o(i.M_printf)
    i.MemManage_Handler                      0x08002ed0   Section        0  stm32f10x_it.o(i.MemManage_Handler)
    i.NMI_Handler                            0x08002ed4   Section        0  stm32f10x_it.o(i.NMI_Handler)
    i.NVIC_Init                              0x08002ed8   Section        0  misc.o(i.NVIC_Init)
    i.NVIC_PriorityGroupConfig               0x08002f48   Section        0  misc.o(i.NVIC_PriorityGroupConfig)
    i.PendSV_Handler                         0x08002f5c   Section        0  stm32f10x_it.o(i.PendSV_Handler)
    i.RCC_ADCCLKConfig                       0x08002f60   Section        0  stm32f10x_rcc.o(i.RCC_ADCCLKConfig)
    i.RCC_APB1PeriphClockCmd                 0x08002f78   Section        0  stm32f10x_rcc.o(i.RCC_APB1PeriphClockCmd)
    i.RCC_APB1PeriphResetCmd                 0x08002f98   Section        0  stm32f10x_rcc.o(i.RCC_APB1PeriphResetCmd)
    i.RCC_APB2PeriphClockCmd                 0x08002fb8   Section        0  stm32f10x_rcc.o(i.RCC_APB2PeriphClockCmd)
    i.RCC_APB2PeriphResetCmd                 0x08002fd8   Section        0  stm32f10x_rcc.o(i.RCC_APB2PeriphResetCmd)
    i.RCC_GetClocksFreq                      0x08002ff8   Section        0  stm32f10x_rcc.o(i.RCC_GetClocksFreq)
    i.RS485_Init                             0x080030cc   Section        0  rs485.o(i.RS485_Init)
    i.RS485_Send_Data                        0x0800319c   Section        0  rs485.o(i.RS485_Send_Data)
    i.SVC_Handler                            0x080031f0   Section        0  stm32f10x_it.o(i.SVC_Handler)
    i.Send_DATA                              0x080031f4   Section        0  gprs.o(i.Send_DATA)
    i.SetSysClock                            0x08003230   Section        0  system_stm32f10x.o(i.SetSysClock)
    SetSysClock                              0x08003231   Thumb Code     8  system_stm32f10x.o(i.SetSysClock)
    i.SetSysClockTo72                        0x08003238   Section        0  system_stm32f10x.o(i.SetSysClockTo72)
    SetSysClockTo72                          0x08003239   Thumb Code   214  system_stm32f10x.o(i.SetSysClockTo72)
    i.State_check                            0x08003318   Section        0  sys.o(i.State_check)
    i.SysTick_Handler                        0x0800332c   Section        0  stm32f10x_it.o(i.SysTick_Handler)
    i.SysTick_Init                           0x08003334   Section        0  sys.o(i.SysTick_Init)
    i.Sys_clk_driver                         0x080033a0   Section        0  sys.o(i.Sys_clk_driver)
    i.SystemInit                             0x08003448   Section        0  system_stm32f10x.o(i.SystemInit)
    i.TIM3_IRQHandler                        0x080034a8   Section        0  timer.o(i.TIM3_IRQHandler)
    i.TIM3_Int_Init                          0x080034e8   Section        0  timer.o(i.TIM3_Int_Init)
    i.TIM4_IRQHandler                        0x08003544   Section        0  timer.o(i.TIM4_IRQHandler)
    i.TIM4_Int_Init                          0x08003570   Section        0  timer.o(i.TIM4_Int_Init)
    i.TIM5_IRQHandler                        0x080035d8   Section        0  timer.o(i.TIM5_IRQHandler)
    i.TIM5_Int_Init                          0x08003618   Section        0  timer.o(i.TIM5_Int_Init)
    i.TIM_ClearITPendingBit                  0x08003680   Section        0  stm32f10x_tim.o(i.TIM_ClearITPendingBit)
    i.TIM_Cmd                                0x08003686   Section        0  stm32f10x_tim.o(i.TIM_Cmd)
    i.TIM_GetITStatus                        0x0800369e   Section        0  stm32f10x_tim.o(i.TIM_GetITStatus)
    i.TIM_ITConfig                           0x080036c0   Section        0  stm32f10x_tim.o(i.TIM_ITConfig)
    i.TIM_SetCounter                         0x080036d2   Section        0  stm32f10x_tim.o(i.TIM_SetCounter)
    i.TIM_TimeBaseInit                       0x080036d8   Section        0  stm32f10x_tim.o(i.TIM_TimeBaseInit)
    i.Time_Init                              0x0800377c   Section        0  timer.o(i.Time_Init)
    i.UART3_SendString                       0x080037c0   Section        0  gprs.o(i.UART3_SendString)
    i.USART1_IRQHandler                      0x0800380c   Section        0  usart.o(i.USART1_IRQHandler)
    i.USART2_IRQHandler                      0x08003894   Section        0  rs485.o(i.USART2_IRQHandler)
    i.USART3_IRQHandler                      0x0800391c   Section        0  gprs.o(i.USART3_IRQHandler)
    i.USART3_Init_Config                     0x08003964   Section        0  gprs.o(i.USART3_Init_Config)
    i.USART_ClearFlag                        0x08003a60   Section        0  stm32f10x_usart.o(i.USART_ClearFlag)
    i.USART_Cmd                              0x08003a72   Section        0  stm32f10x_usart.o(i.USART_Cmd)
    i.USART_DeInit                           0x08003a8c   Section        0  stm32f10x_usart.o(i.USART_DeInit)
    i.USART_GetFlagStatus                    0x08003b28   Section        0  stm32f10x_usart.o(i.USART_GetFlagStatus)
    i.USART_GetITStatus                      0x08003b42   Section        0  stm32f10x_usart.o(i.USART_GetITStatus)
    i.USART_ITConfig                         0x08003b96   Section        0  stm32f10x_usart.o(i.USART_ITConfig)
    i.USART_Init                             0x08003be0   Section        0  stm32f10x_usart.o(i.USART_Init)
    i.USART_ReceiveData                      0x08003cb8   Section        0  stm32f10x_usart.o(i.USART_ReceiveData)
    i.USART_SendData                         0x08003cc2   Section        0  stm32f10x_usart.o(i.USART_SendData)
    i.UsageFault_Handler                     0x08003cca   Section        0  stm32f10x_it.o(i.UsageFault_Handler)
    i.__ARM_fpclassify                       0x08003cce   Section        0  fpclassify.o(i.__ARM_fpclassify)
    i._is_digit                              0x08003cf6   Section        0  __printf_wp.o(i._is_digit)
    i.beat_APP                               0x08003d04   Section        0  sys.o(i.beat_APP)
    i.clear_sendbuf                          0x08003e2c   Section        0  sys.o(i.clear_sendbuf)
    i.crc16_check                            0x08003e48   Section        0  gprs.o(i.crc16_check)
    i.data_read                              0x08003e84   Section        0  sys.o(i.data_read)
    i.data_send_check                        0x08003ea8   Section        0  sys.o(i.data_send_check)
    i.data_write                             0x08003f1c   Section        0  sys.o(i.data_write)
    i.get_APP                                0x08003f40   Section        0  sys.o(i.get_APP)
    i.gprs_check                             0x08004d78   Section        0  gprs.o(i.gprs_check)
    i.gprs_driver                            0x08005c2c   Section        0  sys.o(i.gprs_driver)
    i.gprs_rest                              0x08005cc0   Section        0  gprs.o(i.gprs_rest)
    i.heartbeat                              0x08005f74   Section        0  gprs.o(i.heartbeat)
    i.init_driver_mode_run                   0x0800600c   Section        0  sys.o(i.init_driver_mode_run)
    i.main                                   0x0800608c   Section        0  main.o(i.main)
    i.processRunningApp                      0x0800619c   Section        0  sys.o(i.processRunningApp)
    i.processRunningMode                     0x080061c0   Section        0  sys.o(i.processRunningMode)
    i.revl                                   0x08006224   Section        0  gprs.o(i.revl)
    i.revs                                   0x08006240   Section        0  gprs.o(i.revs)
    i.send_data_to_sever                     0x08006250   Section        0  gprs.o(i.send_data_to_sever)
    i.time_to_second                         0x08006adc   Section        0  sys.o(i.time_to_second)
    i.timerTick_app                          0x08006bf8   Section        0  sys.o(i.timerTick_app)
    i.u32_to_u8                              0x08006d7c   Section        0  sys.o(i.u32_to_u8)
    i.u8_to_u32                              0x08006dae   Section        0  sys.o(i.u8_to_u32)
    i.uart_init                              0x08006dc8   Section        0  usart.o(i.uart_init)
    i.uuPrintf                               0x08006e68   Section        0  usart.o(i.uuPrintf)
    i.uuSend                                 0x08006e80   Section        0  usart.o(i.uuSend)
    locale$$code                             0x08006ea0   Section       44  lc_numeric_c.o(locale$$code)
    locale$$code                             0x08006ecc   Section       44  lc_ctype_c.o(locale$$code)
    x$fpl$printf1                            0x08006ef8   Section        4  printf1.o(x$fpl$printf1)
    .constdata                               0x08006efc   Section       52  sys.o(.constdata)
    x$fpl$usenofp                            0x08006efc   Section        0  usenofp.o(x$fpl$usenofp)
    .constdata                               0x08006f30   Section       17  __printf_flags_ss_wp.o(.constdata)
    maptable                                 0x08006f30   Data          17  __printf_flags_ss_wp.o(.constdata)
    .constdata                               0x08006f44   Section        8  _printf_wctomb.o(.constdata)
    initial_mbstate                          0x08006f44   Data           8  _printf_wctomb.o(.constdata)
    .constdata                               0x08006f4c   Section       40  _printf_hex_int_ll_ptr.o(.constdata)
    uc_hextab                                0x08006f4c   Data          20  _printf_hex_int_ll_ptr.o(.constdata)
    lc_hextab                                0x08006f60   Data          20  _printf_hex_int_ll_ptr.o(.constdata)
    .constdata                               0x08006f74   Section      148  bigflt0.o(.constdata)
    tenpwrs_x                                0x08006f74   Data          60  bigflt0.o(.constdata)
    tenpwrs_i                                0x08006fb0   Data          64  bigflt0.o(.constdata)
    locale$$data                             0x08007028   Section       28  lc_numeric_c.o(locale$$data)
    __lcnum_c_name                           0x0800702c   Data           2  lc_numeric_c.o(locale$$data)
    __lcnum_c_start                          0x08007034   Data           0  lc_numeric_c.o(locale$$data)
    __lcnum_c_point                          0x08007040   Data           0  lc_numeric_c.o(locale$$data)
    __lcnum_c_thousands                      0x08007042   Data           0  lc_numeric_c.o(locale$$data)
    __lcnum_c_grouping                       0x08007043   Data           0  lc_numeric_c.o(locale$$data)
    locale$$data                             0x08007044   Section      272  lc_ctype_c.o(locale$$data)
    __lcnum_c_end                            0x08007044   Data           0  lc_numeric_c.o(locale$$data)
    __lcctype_c_name                         0x08007048   Data           2  lc_ctype_c.o(locale$$data)
    __lcctype_c_start                        0x08007050   Data           0  lc_ctype_c.o(locale$$data)
    __lcctype_c_end                          0x08007154   Data           0  lc_ctype_c.o(locale$$data)
    .data                                    0x20000000   Section       20  system_stm32f10x.o(.data)
    .data                                    0x20000014   Section       88  sys.o(.data)
    .data                                    0x2000006c   Section        4  usart.o(.data)
    .data                                    0x20000070   Section        2  rs485.o(.data)
    .data                                    0x20000074   Section       17  gprs.o(.data)
    num                                      0x20000084   Data           1  gprs.o(.data)
    .data                                    0x20000086   Section        4  timer.o(.data)
    .data                                    0x2000008a   Section       20  stm32f10x_rcc.o(.data)
    APBAHBPrescTable                         0x2000008a   Data          16  stm32f10x_rcc.o(.data)
    ADCPrescTable                            0x2000009a   Data           4  stm32f10x_rcc.o(.data)
    .bss                                     0x200000a0   Section    30112  sys.o(.bss)
    .bss                                     0x20007640   Section      456  usart.o(.bss)
    .bss                                     0x20007808   Section      160  rs485.o(.bss)
    .bss                                     0x200078a8   Section    31336  gprs.o(.bss)
    .bss                                     0x2000f310   Section      228  rand.o(.bss)
    .bss                                     0x2000f3f4   Section       96  libspace.o(.bss)
    HEAP                                     0x2000f458   Section      512  startup_stm32f10x_hd.o(HEAP)
    Heap_Mem                                 0x2000f458   Data         512  startup_stm32f10x_hd.o(HEAP)
    STACK                                    0x2000f658   Section     1024  startup_stm32f10x_hd.o(STACK)
    Stack_Mem                                0x2000f658   Data        1024  startup_stm32f10x_hd.o(STACK)
    __initial_sp                             0x2000fa58   Data           0  startup_stm32f10x_hd.o(STACK)

    Global Symbols

    Symbol Name                              Value     Ov Type        Size  Object(Section)

    BuildAttributes$$THM_ISAv4$P$D$K$B$S$PE$A:L22UL41UL21$X:L11$S22US41US21$IEEE1$IW$USESV6$~STKCKD$USESV7$~SHL$OTIME$ROPI$IEEEJ$EBA8$UX$STANDARDLIB$REQ8$PRES8$EABIv2 0x00000000   Number         0  anon$$obj.o ABSOLUTE
    __ARM_use_no_argv                        0x00000000   Number         0  main.o ABSOLUTE
    _printf_flags                            0x00000000   Number         0  printf_stubs.o ABSOLUTE
    _printf_return_value                     0x00000000   Number         0  printf_stubs.o ABSOLUTE
    _printf_sizespec                         0x00000000   Number         0  printf_stubs.o ABSOLUTE
    _printf_widthprec                        0x00000000   Number         0  printf_stubs.o ABSOLUTE
    __ARM_exceptions_init                     - Undefined Weak Reference
    __alloca_initialize                       - Undefined Weak Reference
    __arm_preinit_                            - Undefined Weak Reference
    __cpp_initialize__aeabi_                  - Undefined Weak Reference
    __cxa_finalize                            - Undefined Weak Reference
    __sigvec_lookup                           - Undefined Weak Reference
    _atexit_init                              - Undefined Weak Reference
    _call_atexit_fns                          - Undefined Weak Reference
    _clock_init                               - Undefined Weak Reference
    _fp_trap_init                             - Undefined Weak Reference
    _fp_trap_shutdown                         - Undefined Weak Reference
    _get_lc_collate                           - Undefined Weak Reference
    _get_lc_monetary                          - Undefined Weak Reference
    _get_lc_time                              - Undefined Weak Reference
    _getenv_init                              - Undefined Weak Reference
    _handle_redirection                       - Undefined Weak Reference
    _init_alloc                               - Undefined Weak Reference
    _init_user_alloc                          - Undefined Weak Reference
    _initio                                   - Undefined Weak Reference
    _printf_fp_hex                            - Undefined Weak Reference
    _printf_mbtowc                            - Undefined Weak Reference
    _printf_wc                                - Undefined Weak Reference
    _scanf_longlong                           - Undefined Weak Reference
    _scanf_mbtowc                             - Undefined Weak Reference
    _scanf_real                               - Undefined Weak Reference
    _scanf_string                             - Undefined Weak Reference
    _scanf_wctomb                             - Undefined Weak Reference
    _scanf_wstring                            - Undefined Weak Reference
    _signal_finish                            - Undefined Weak Reference
    _signal_init                              - Undefined Weak Reference
    _terminate_alloc                          - Undefined Weak Reference
    _terminate_user_alloc                     - Undefined Weak Reference
    _terminateio                              - Undefined Weak Reference
    __Vectors_Size                           0x00000130   Number         0  startup_stm32f10x_hd.o ABSOLUTE
    __Vectors                                0x08000000   Data           4  startup_stm32f10x_hd.o(RESET)
    __Vectors_End                            0x08000130   Data           0  startup_stm32f10x_hd.o(RESET)
    __main                                   0x08000131   Thumb Code     8  __main.o(!!!main)
    __scatterload                            0x08000139   Thumb Code     0  __scatter.o(!!!scatter)
    __scatterload_rt2                        0x08000139   Thumb Code    44  __scatter.o(!!!scatter)
    __scatterload_rt2_thumb_only             0x08000139   Thumb Code     0  __scatter.o(!!!scatter)
    __scatterload_null                       0x08000147   Thumb Code     0  __scatter.o(!!!scatter)
    __scatterload_copy                       0x0800016d   Thumb Code    26  __scatter_copy.o(!!handler_copy)
    __scatterload_zeroinit                   0x08000189   Thumb Code    28  __scatter_zi.o(!!handler_zi)
    _printf_n                                0x080001a5   Thumb Code     0  _printf_n.o(.ARM.Collect$$_printf_percent$$00000001)
    _printf_percent                          0x080001a5   Thumb Code     0  _printf_percent.o(.ARM.Collect$$_printf_percent$$00000000)
    _printf_p                                0x080001ab   Thumb Code     0  _printf_p.o(.ARM.Collect$$_printf_percent$$00000002)
    _printf_f                                0x080001b1   Thumb Code     0  _printf_f.o(.ARM.Collect$$_printf_percent$$00000003)
    _printf_e                                0x080001b7   Thumb Code     0  _printf_e.o(.ARM.Collect$$_printf_percent$$00000004)
    _printf_g                                0x080001bd   Thumb Code     0  _printf_g.o(.ARM.Collect$$_printf_percent$$00000005)
    _printf_a                                0x080001c3   Thumb Code     0  _printf_a.o(.ARM.Collect$$_printf_percent$$00000006)
    _printf_ll                               0x080001c9   Thumb Code     0  _printf_ll.o(.ARM.Collect$$_printf_percent$$00000007)
    _printf_i                                0x080001d3   Thumb Code     0  _printf_i.o(.ARM.Collect$$_printf_percent$$00000008)
    _printf_d                                0x080001d9   Thumb Code     0  _printf_d.o(.ARM.Collect$$_printf_percent$$00000009)
    _printf_u                                0x080001df   Thumb Code     0  _printf_u.o(.ARM.Collect$$_printf_percent$$0000000A)
    _printf_o                                0x080001e5   Thumb Code     0  _printf_o.o(.ARM.Collect$$_printf_percent$$0000000B)
    _printf_x                                0x080001eb   Thumb Code     0  _printf_x.o(.ARM.Collect$$_printf_percent$$0000000C)
    _printf_lli                              0x080001f1   Thumb Code     0  _printf_lli.o(.ARM.Collect$$_printf_percent$$0000000D)
    _printf_lld                              0x080001f7   Thumb Code     0  _printf_lld.o(.ARM.Collect$$_printf_percent$$0000000E)
    _printf_llu                              0x080001fd   Thumb Code     0  _printf_llu.o(.ARM.Collect$$_printf_percent$$0000000F)
    _printf_llo                              0x08000203   Thumb Code     0  _printf_llo.o(.ARM.Collect$$_printf_percent$$00000010)
    _printf_llx                              0x08000209   Thumb Code     0  _printf_llx.o(.ARM.Collect$$_printf_percent$$00000011)
    _printf_l                                0x0800020f   Thumb Code     0  _printf_l.o(.ARM.Collect$$_printf_percent$$00000012)
    _printf_c                                0x08000219   Thumb Code     0  _printf_c.o(.ARM.Collect$$_printf_percent$$00000013)
    _printf_s                                0x0800021f   Thumb Code     0  _printf_s.o(.ARM.Collect$$_printf_percent$$00000014)
    _printf_lc                               0x08000225   Thumb Code     0  _printf_lc.o(.ARM.Collect$$_printf_percent$$00000015)
    _printf_ls                               0x0800022b   Thumb Code     0  _printf_ls.o(.ARM.Collect$$_printf_percent$$00000016)
    _printf_percent_end                      0x08000231   Thumb Code     0  _printf_percent_end.o(.ARM.Collect$$_printf_percent$$00000017)
    __rt_lib_init                            0x08000235   Thumb Code     0  libinit.o(.ARM.Collect$$libinit$$00000000)
    __rt_lib_init_fp_1                       0x08000237   Thumb Code     0  libinit2.o(.ARM.Collect$$libinit$$00000002)
    __rt_lib_init_heap_1                     0x08000237   Thumb Code     0  libinit2.o(.ARM.Collect$$libinit$$0000000A)
    __rt_lib_init_preinit_1                  0x08000237   Thumb Code     0  libinit2.o(.ARM.Collect$$libinit$$00000004)
    __rt_lib_init_rand_2                     0x08000237   Thumb Code     0  libinit2.o(.ARM.Collect$$libinit$$0000000D)
    __rt_lib_init_user_alloc_1               0x08000237   Thumb Code     0  libinit2.o(.ARM.Collect$$libinit$$0000000C)
    __rt_lib_init_lc_common                  0x0800023b   Thumb Code     0  libinit2.o(.ARM.Collect$$libinit$$0000000F)
    __rt_lib_init_rand_1                     0x0800023b   Thumb Code     0  libinit2.o(.ARM.Collect$$libinit$$0000000E)
    __rt_lib_init_lc_collate_1               0x08000241   Thumb Code     0  libinit2.o(.ARM.Collect$$libinit$$00000011)
    __rt_lib_init_lc_ctype_2                 0x08000241   Thumb Code     0  libinit2.o(.ARM.Collect$$libinit$$00000012)
    __rt_lib_init_lc_ctype_1                 0x0800024d   Thumb Code     0  libinit2.o(.ARM.Collect$$libinit$$00000013)
    __rt_lib_init_lc_monetary_1              0x0800024d   Thumb Code     0  libinit2.o(.ARM.Collect$$libinit$$00000015)
    __rt_lib_init_lc_numeric_2               0x0800024d   Thumb Code     0  libinit2.o(.ARM.Collect$$libinit$$00000016)
    __rt_lib_init_alloca_1                   0x08000257   Thumb Code     0  libinit2.o(.ARM.Collect$$libinit$$0000002E)
    __rt_lib_init_argv_1                     0x08000257   Thumb Code     0  libinit2.o(.ARM.Collect$$libinit$$0000002C)
    __rt_lib_init_atexit_1                   0x08000257   Thumb Code     0  libinit2.o(.ARM.Collect$$libinit$$0000001B)
    __rt_lib_init_clock_1                    0x08000257   Thumb Code     0  libinit2.o(.ARM.Collect$$libinit$$00000021)
    __rt_lib_init_cpp_1                      0x08000257   Thumb Code     0  libinit2.o(.ARM.Collect$$libinit$$00000032)
    __rt_lib_init_exceptions_1               0x08000257   Thumb Code     0  libinit2.o(.ARM.Collect$$libinit$$00000030)
    __rt_lib_init_fp_trap_1                  0x08000257   Thumb Code     0  libinit2.o(.ARM.Collect$$libinit$$0000001F)
    __rt_lib_init_getenv_1                   0x08000257   Thumb Code     0  libinit2.o(.ARM.Collect$$libinit$$00000023)
    __rt_lib_init_lc_numeric_1               0x08000257   Thumb Code     0  libinit2.o(.ARM.Collect$$libinit$$00000017)
    __rt_lib_init_lc_time_1                  0x08000257   Thumb Code     0  libinit2.o(.ARM.Collect$$libinit$$00000019)
    __rt_lib_init_return                     0x08000257   Thumb Code     0  libinit2.o(.ARM.Collect$$libinit$$00000033)
    __rt_lib_init_signal_1                   0x08000257   Thumb Code     0  libinit2.o(.ARM.Collect$$libinit$$0000001D)
    __rt_lib_init_stdio_1                    0x08000257   Thumb Code     0  libinit2.o(.ARM.Collect$$libinit$$00000025)
    __rt_lib_shutdown                        0x08000259   Thumb Code     0  libshutdown.o(.ARM.Collect$$libshutdown$$00000000)
    __rt_lib_shutdown_cpp_1                  0x0800025b   Thumb Code     0  libshutdown2.o(.ARM.Collect$$libshutdown$$00000002)
    __rt_lib_shutdown_fp_trap_1              0x0800025b   Thumb Code     0  libshutdown2.o(.ARM.Collect$$libshutdown$$00000007)
    __rt_lib_shutdown_heap_1                 0x0800025b   Thumb Code     0  libshutdown2.o(.ARM.Collect$$libshutdown$$0000000F)
    __rt_lib_shutdown_return                 0x0800025b   Thumb Code     0  libshutdown2.o(.ARM.Collect$$libshutdown$$00000010)
    __rt_lib_shutdown_signal_1               0x0800025b   Thumb Code     0  libshutdown2.o(.ARM.Collect$$libshutdown$$0000000A)
    __rt_lib_shutdown_stdio_1                0x0800025b   Thumb Code     0  libshutdown2.o(.ARM.Collect$$libshutdown$$00000004)
    __rt_lib_shutdown_user_alloc_1           0x0800025b   Thumb Code     0  libshutdown2.o(.ARM.Collect$$libshutdown$$0000000C)
    __rt_entry                               0x0800025d   Thumb Code     0  __rtentry.o(.ARM.Collect$$rtentry$$00000000)
    __rt_entry_presh_1                       0x0800025d   Thumb Code     0  __rtentry2.o(.ARM.Collect$$rtentry$$00000002)
    __rt_entry_sh                            0x0800025d   Thumb Code     0  __rtentry4.o(.ARM.Collect$$rtentry$$00000004)
    __rt_entry_li                            0x08000263   Thumb Code     0  __rtentry2.o(.ARM.Collect$$rtentry$$0000000A)
    __rt_entry_postsh_1                      0x08000263   Thumb Code     0  __rtentry2.o(.ARM.Collect$$rtentry$$00000009)
    __rt_entry_main                          0x08000267   Thumb Code     0  __rtentry2.o(.ARM.Collect$$rtentry$$0000000D)
    __rt_entry_postli_1                      0x08000267   Thumb Code     0  __rtentry2.o(.ARM.Collect$$rtentry$$0000000C)
    __rt_exit                                0x0800026f   Thumb Code     0  rtexit.o(.ARM.Collect$$rtexit$$00000000)
    __rt_exit_ls                             0x08000271   Thumb Code     0  rtexit2.o(.ARM.Collect$$rtexit$$00000003)
    __rt_exit_prels_1                        0x08000271   Thumb Code     0  rtexit2.o(.ARM.Collect$$rtexit$$00000002)
    __rt_exit_exit                           0x08000275   Thumb Code     0  rtexit2.o(.ARM.Collect$$rtexit$$00000004)
    rand                                     0x0800027d   Thumb Code    48  rand.o(.emb_text)
    Reset_Handler                            0x080002b1   Thumb Code     8  startup_stm32f10x_hd.o(.text)
    ADC1_2_IRQHandler                        0x080002cb   Thumb Code     0  startup_stm32f10x_hd.o(.text)
    ADC3_IRQHandler                          0x080002cb   Thumb Code     0  startup_stm32f10x_hd.o(.text)
    CAN1_RX1_IRQHandler                      0x080002cb   Thumb Code     0  startup_stm32f10x_hd.o(.text)
    CAN1_SCE_IRQHandler                      0x080002cb   Thumb Code     0  startup_stm32f10x_hd.o(.text)
    DMA1_Channel1_IRQHandler                 0x080002cb   Thumb Code     0  startup_stm32f10x_hd.o(.text)
    DMA1_Channel2_IRQHandler                 0x080002cb   Thumb Code     0  startup_stm32f10x_hd.o(.text)
    DMA1_Channel3_IRQHandler                 0x080002cb   Thumb Code     0  startup_stm32f10x_hd.o(.text)
    DMA1_Channel4_IRQHandler                 0x080002cb   Thumb Code     0  startup_stm32f10x_hd.o(.text)
    DMA1_Channel5_IRQHandler                 0x080002cb   Thumb Code     0  startup_stm32f10x_hd.o(.text)
    DMA1_Channel6_IRQHandler                 0x080002cb   Thumb Code     0  startup_stm32f10x_hd.o(.text)
    DMA1_Channel7_IRQHandler                 0x080002cb   Thumb Code     0  startup_stm32f10x_hd.o(.text)
    DMA2_Channel1_IRQHandler                 0x080002cb   Thumb Code     0  startup_stm32f10x_hd.o(.text)
    DMA2_Channel2_IRQHandler                 0x080002cb   Thumb Code     0  startup_stm32f10x_hd.o(.text)
    DMA2_Channel3_IRQHandler                 0x080002cb   Thumb Code     0  startup_stm32f10x_hd.o(.text)
    DMA2_Channel4_5_IRQHandler               0x080002cb   Thumb Code     0  startup_stm32f10x_hd.o(.text)
    EXTI0_IRQHandler                         0x080002cb   Thumb Code     0  startup_stm32f10x_hd.o(.text)
    EXTI15_10_IRQHandler                     0x080002cb   Thumb Code     0  startup_stm32f10x_hd.o(.text)
    EXTI1_IRQHandler                         0x080002cb   Thumb Code     0  startup_stm32f10x_hd.o(.text)
    EXTI2_IRQHandler                         0x080002cb   Thumb Code     0  startup_stm32f10x_hd.o(.text)
    EXTI3_IRQHandler                         0x080002cb   Thumb Code     0  startup_stm32f10x_hd.o(.text)
    EXTI4_IRQHandler                         0x080002cb   Thumb Code     0  startup_stm32f10x_hd.o(.text)
    EXTI9_5_IRQHandler                       0x080002cb   Thumb Code     0  startup_stm32f10x_hd.o(.text)
    FLASH_IRQHandler                         0x080002cb   Thumb Code     0  startup_stm32f10x_hd.o(.text)
    FSMC_IRQHandler                          0x080002cb   Thumb Code     0  startup_stm32f10x_hd.o(.text)
    I2C1_ER_IRQHandler                       0x080002cb   Thumb Code     0  startup_stm32f10x_hd.o(.text)
    I2C1_EV_IRQHandler                       0x080002cb   Thumb Code     0  startup_stm32f10x_hd.o(.text)
    I2C2_ER_IRQHandler                       0x080002cb   Thumb Code     0  startup_stm32f10x_hd.o(.text)
    I2C2_EV_IRQHandler                       0x080002cb   Thumb Code     0  startup_stm32f10x_hd.o(.text)
    PVD_IRQHandler                           0x080002cb   Thumb Code     0  startup_stm32f10x_hd.o(.text)
    RCC_IRQHandler                           0x080002cb   Thumb Code     0  startup_stm32f10x_hd.o(.text)
    RTCAlarm_IRQHandler                      0x080002cb   Thumb Code     0  startup_stm32f10x_hd.o(.text)
    RTC_IRQHandler                           0x080002cb   Thumb Code     0  startup_stm32f10x_hd.o(.text)
    SDIO_IRQHandler                          0x080002cb   Thumb Code     0  startup_stm32f10x_hd.o(.text)
    SPI1_IRQHandler                          0x080002cb   Thumb Code     0  startup_stm32f10x_hd.o(.text)
    SPI2_IRQHandler                          0x080002cb   Thumb Code     0  startup_stm32f10x_hd.o(.text)
    SPI3_IRQHandler                          0x080002cb   Thumb Code     0  startup_stm32f10x_hd.o(.text)
    TAMPER_IRQHandler                        0x080002cb   Thumb Code     0  startup_stm32f10x_hd.o(.text)
    TIM1_BRK_IRQHandler                      0x080002cb   Thumb Code     0  startup_stm32f10x_hd.o(.text)
    TIM1_CC_IRQHandler                       0x080002cb   Thumb Code     0  startup_stm32f10x_hd.o(.text)
    TIM1_TRG_COM_IRQHandler                  0x080002cb   Thumb Code     0  startup_stm32f10x_hd.o(.text)
    TIM1_UP_IRQHandler                       0x080002cb   Thumb Code     0  startup_stm32f10x_hd.o(.text)
    TIM2_IRQHandler                          0x080002cb   Thumb Code     0  startup_stm32f10x_hd.o(.text)
    TIM6_IRQHandler                          0x080002cb   Thumb Code     0  startup_stm32f10x_hd.o(.text)
    TIM7_IRQHandler                          0x080002cb   Thumb Code     0  startup_stm32f10x_hd.o(.text)
    TIM8_BRK_IRQHandler                      0x080002cb   Thumb Code     0  startup_stm32f10x_hd.o(.text)
    TIM8_CC_IRQHandler                       0x080002cb   Thumb Code     0  startup_stm32f10x_hd.o(.text)
    TIM8_TRG_COM_IRQHandler                  0x080002cb   Thumb Code     0  startup_stm32f10x_hd.o(.text)
    TIM8_UP_IRQHandler                       0x080002cb   Thumb Code     0  startup_stm32f10x_hd.o(.text)
    UART4_IRQHandler                         0x080002cb   Thumb Code     0  startup_stm32f10x_hd.o(.text)
    UART5_IRQHandler                         0x080002cb   Thumb Code     0  startup_stm32f10x_hd.o(.text)
    USBWakeUp_IRQHandler                     0x080002cb   Thumb Code     0  startup_stm32f10x_hd.o(.text)
    USB_HP_CAN1_TX_IRQHandler                0x080002cb   Thumb Code     0  startup_stm32f10x_hd.o(.text)
    USB_LP_CAN1_RX0_IRQHandler               0x080002cb   Thumb Code     0  startup_stm32f10x_hd.o(.text)
    WWDG_IRQHandler                          0x080002cb   Thumb Code     0  startup_stm32f10x_hd.o(.text)
    __user_initial_stackheap                 0x080002cd   Thumb Code     0  startup_stm32f10x_hd.o(.text)
    __c89vsprintf                            0x080002f1   Thumb Code    32  c89vsprintf.o(.text)
    __2sprintf                               0x08000315   Thumb Code    38  __2sprintf.o(.text)
    _printf_int_dec                          0x08000341   Thumb Code   104  _printf_dec.o(.text)
    __printf                                 0x080003b9   Thumb Code   388  __printf_flags_ss_wp.o(.text)
    __0sscanf                                0x08000541   Thumb Code    52  __0sscanf.o(.text)
    _scanf_int                               0x0800057d   Thumb Code   332  _scanf_int.o(.text)
    srand                                    0x080006c9   Thumb Code    42  rand.o(.text)
    _rand_init                               0x080006f3   Thumb Code     4  rand.o(.text)
    strstr                                   0x08000705   Thumb Code    36  strstr.o(.text)
    __aeabi_memcpy                           0x08000729   Thumb Code     0  rt_memcpy_v6.o(.text)
    __rt_memcpy                              0x08000729   Thumb Code   138  rt_memcpy_v6.o(.text)
    _memcpy_lastbytes                        0x0800078f   Thumb Code     0  rt_memcpy_v6.o(.text)
    __aeabi_memcpy4                          0x080007b3   Thumb Code     0  rt_memcpy_w.o(.text)
    __aeabi_memcpy8                          0x080007b3   Thumb Code     0  rt_memcpy_w.o(.text)
    __rt_memcpy_w                            0x080007b3   Thumb Code   100  rt_memcpy_w.o(.text)
    _memcpy_lastbytes_aligned                0x080007fb   Thumb Code     0  rt_memcpy_w.o(.text)
    __aeabi_memclr                           0x08000817   Thumb Code     0  rt_memclr.o(.text)
    __rt_memclr                              0x08000817   Thumb Code    68  rt_memclr.o(.text)
    _memset                                  0x0800081b   Thumb Code     0  rt_memclr.o(.text)
    __aeabi_memclr4                          0x0800085b   Thumb Code     0  rt_memclr_w.o(.text)
    __aeabi_memclr8                          0x0800085b   Thumb Code     0  rt_memclr_w.o(.text)
    __rt_memclr_w                            0x0800085b   Thumb Code    78  rt_memclr_w.o(.text)
    _memset_w                                0x0800085f   Thumb Code     0  rt_memclr_w.o(.text)
    __use_two_region_memory                  0x080008a9   Thumb Code     2  heapauxi.o(.text)
    __rt_heap_escrow$2region                 0x080008ab   Thumb Code     2  heapauxi.o(.text)
    __rt_heap_expand$2region                 0x080008ad   Thumb Code     2  heapauxi.o(.text)
    _printf_pre_padding                      0x080008af   Thumb Code    44  _printf_pad.o(.text)
    _printf_post_padding                     0x080008db   Thumb Code    34  _printf_pad.o(.text)
    _printf_truncate_signed                  0x080008fd   Thumb Code    18  _printf_truncate.o(.text)
    _printf_truncate_unsigned                0x0800090f   Thumb Code    18  _printf_truncate.o(.text)
    _printf_str                              0x08000921   Thumb Code    82  _printf_str.o(.text)
    _printf_int_common                       0x08000973   Thumb Code   178  _printf_intcommon.o(.text)
    _printf_charcount                        0x08000a25   Thumb Code    40  _printf_charcount.o(.text)
    _printf_char_common                      0x08000a57   Thumb Code    32  _printf_char_common.o(.text)
    _sputc                                   0x08000a7d   Thumb Code    10  _sputc.o(.text)
    _printf_wctomb                           0x08000a89   Thumb Code   182  _printf_wctomb.o(.text)
    _printf_longlong_dec                     0x08000b45   Thumb Code   108  _printf_longlong_dec.o(.text)
    _printf_longlong_oct                     0x08000bc1   Thumb Code    68  _printf_oct_int_ll.o(.text)
    _printf_int_oct                          0x08000c05   Thumb Code    24  _printf_oct_int_ll.o(.text)
    _printf_ll_oct                           0x08000c1d   Thumb Code    12  _printf_oct_int_ll.o(.text)
    _printf_longlong_hex                     0x08000c31   Thumb Code    86  _printf_hex_int_ll_ptr.o(.text)
    _printf_int_hex                          0x08000c87   Thumb Code    28  _printf_hex_int_ll_ptr.o(.text)
    _printf_ll_hex                           0x08000ca3   Thumb Code    12  _printf_hex_int_ll_ptr.o(.text)
    _printf_hex_ptr                          0x08000caf   Thumb Code    18  _printf_hex_int_ll_ptr.o(.text)
    _chval                                   0x08000cc5   Thumb Code    28  _chval.o(.text)
    __vfscanf_char                           0x08000ced   Thumb Code    24  scanf_char.o(.text)
    _sgetc                                   0x08000d0d   Thumb Code    30  _sgetc.o(.text)
    _sbackspace                              0x08000d2b   Thumb Code    34  _sgetc.o(.text)
    _ll_udiv10                               0x08000d4d   Thumb Code   138  lludiv10.o(.text)
    isspace                                  0x08000dd7   Thumb Code    18  isspace.o(.text)
    __lib_sel_fp_printf                      0x08000de9   Thumb Code     2  _printf_fp_dec.o(.text)
    _printf_fp_dec_real                      0x08000f97   Thumb Code   620  _printf_fp_dec.o(.text)
    _printf_cs_common                        0x08001203   Thumb Code    20  _printf_char.o(.text)
    _printf_char                             0x08001217   Thumb Code    16  _printf_char.o(.text)
    _printf_string                           0x08001227   Thumb Code     8  _printf_char.o(.text)
    _printf_lcs_common                       0x0800122f   Thumb Code    20  _printf_wchar.o(.text)
    _printf_wchar                            0x08001243   Thumb Code    16  _printf_wchar.o(.text)
    _printf_wstring                          0x08001253   Thumb Code     8  _printf_wchar.o(.text)
    __vfscanf                                0x0800125d   Thumb Code   878  _scanf.o(.text)
    _wcrtomb                                 0x080015d1   Thumb Code    64  _wcrtomb.o(.text)
    __user_setup_stackheap                   0x08001611   Thumb Code    74  sys_stackheap_outer.o(.text)
    __rt_ctype_table                         0x0800165d   Thumb Code    16  rt_ctype_table.o(.text)
    __rt_locale                              0x0800166d   Thumb Code     8  rt_locale_intlibspace.o(.text)
    _printf_fp_infnan                        0x08001675   Thumb Code   112  _printf_fp_infnan.o(.text)
    _btod_etento                             0x080016f5   Thumb Code   216  bigflt0.o(.text)
    exit                                     0x080017d1   Thumb Code    18  exit.o(.text)
    __user_libspace                          0x080017e5   Thumb Code     8  libspace.o(.text)
    __user_perproc_libspace                  0x080017e5   Thumb Code     0  libspace.o(.text)
    __user_perthread_libspace                0x080017e5   Thumb Code     0  libspace.o(.text)
    strcmp                                   0x080017ed   Thumb Code   128  strcmpv7m.o(.text)
    __I$use$semihosting                      0x0800186d   Thumb Code     0  use_no_semi.o(.text)
    __use_no_semihosting_swi                 0x0800186d   Thumb Code     2  use_no_semi.o(.text)
    __semihosting_library_function           0x0800186f   Thumb Code     0  indicate_semi.o(.text)
    _sys_exit                                0x08001871   Thumb Code     8  sys_exit.o(.text)
    _btod_d2e                                0x0800187d   Thumb Code    62  btod.o(CL$$btod_d2e)
    _d2e_denorm_low                          0x080018bb   Thumb Code    70  btod.o(CL$$btod_d2e_denorm_low)
    _d2e_norm_op1                            0x08001901   Thumb Code    96  btod.o(CL$$btod_d2e_norm_op1)
    __btod_div_common                        0x08001961   Thumb Code   696  btod.o(CL$$btod_div_common)
    _e2e                                     0x08001c99   Thumb Code   198  btod.o(CL$$btod_e2e)
    _btod_ediv                               0x08001d5f   Thumb Code    40  btod.o(CL$$btod_ediv)
    _btod_emul                               0x08001d87   Thumb Code    40  btod.o(CL$$btod_emul)
    __btod_mult_common                       0x08001daf   Thumb Code   580  btod.o(CL$$btod_mult_common)
    ADC_Cmd                                  0x08001ff3   Thumb Code    22  stm32f10x_adc.o(i.ADC_Cmd)
    ADC_DeInit                               0x08002009   Thumb Code    78  stm32f10x_adc.o(i.ADC_DeInit)
    ADC_GetCalibrationStatus                 0x08002065   Thumb Code    20  stm32f10x_adc.o(i.ADC_GetCalibrationStatus)
    ADC_GetConversionValue                   0x08002079   Thumb Code     8  stm32f10x_adc.o(i.ADC_GetConversionValue)
    ADC_GetFlagStatus                        0x08002081   Thumb Code    18  stm32f10x_adc.o(i.ADC_GetFlagStatus)
    ADC_GetResetCalibrationStatus            0x08002093   Thumb Code    20  stm32f10x_adc.o(i.ADC_GetResetCalibrationStatus)
    ADC_Init                                 0x080020a9   Thumb Code    70  stm32f10x_adc.o(i.ADC_Init)
    ADC_RegularChannelConfig                 0x080020f9   Thumb Code   184  stm32f10x_adc.o(i.ADC_RegularChannelConfig)
    ADC_ResetCalibration                     0x080021b1   Thumb Code    10  stm32f10x_adc.o(i.ADC_ResetCalibration)
    ADC_SoftwareStartConvCmd                 0x080021bb   Thumb Code    22  stm32f10x_adc.o(i.ADC_SoftwareStartConvCmd)
    ADC_StartCalibration                     0x080021d1   Thumb Code    10  stm32f10x_adc.o(i.ADC_StartCalibration)
    Adc_Init                                 0x080021dd   Thumb Code   132  sys.o(i.Adc_Init)
    BusFault_Handler                         0x08002269   Thumb Code     4  stm32f10x_it.o(i.BusFault_Handler)
    Cf_init                                  0x08002299   Thumb Code   434  sys.o(i.Cf_init)
    Clear_rs485_buf                          0x08002471   Thumb Code    12  rs485.o(i.Clear_rs485_buf)
    DebugMon_Handler                         0x08002481   Thumb Code     2  stm32f10x_it.o(i.DebugMon_Handler)
    GPIO_Init                                0x080024a1   Thumb Code   278  stm32f10x_gpio.o(i.GPIO_Init)
    GPIO_SetBits                             0x080025b7   Thumb Code     4  stm32f10x_gpio.o(i.GPIO_SetBits)
    GPRS_APP                                 0x080025bd   Thumb Code    72  gprs.o(i.GPRS_APP)
    GPRS_init                                0x08002609   Thumb Code    26  gprs.o(i.GPRS_init)
    Get_Adc                                  0x08002631   Thumb Code    46  sys.o(i.Get_Adc)
    Get_random_num                           0x08002665   Thumb Code    50  sys.o(i.Get_random_num)
    HardFault_Handler                        0x080026a1   Thumb Code     4  stm32f10x_it.o(i.HardFault_Handler)
    HtyDatasend                              0x080026a5   Thumb Code  1876  sys.o(i.HtyDatasend)
    M_printf                                 0x08002e91   Thumb Code    56  usart.o(i.M_printf)
    MemManage_Handler                        0x08002ed1   Thumb Code     4  stm32f10x_it.o(i.MemManage_Handler)
    NMI_Handler                              0x08002ed5   Thumb Code     2  stm32f10x_it.o(i.NMI_Handler)
    NVIC_Init                                0x08002ed9   Thumb Code   100  misc.o(i.NVIC_Init)
    NVIC_PriorityGroupConfig                 0x08002f49   Thumb Code    10  misc.o(i.NVIC_PriorityGroupConfig)
    PendSV_Handler                           0x08002f5d   Thumb Code     2  stm32f10x_it.o(i.PendSV_Handler)
    RCC_ADCCLKConfig                         0x08002f61   Thumb Code    18  stm32f10x_rcc.o(i.RCC_ADCCLKConfig)
    RCC_APB1PeriphClockCmd                   0x08002f79   Thumb Code    26  stm32f10x_rcc.o(i.RCC_APB1PeriphClockCmd)
    RCC_APB1PeriphResetCmd                   0x08002f99   Thumb Code    26  stm32f10x_rcc.o(i.RCC_APB1PeriphResetCmd)
    RCC_APB2PeriphClockCmd                   0x08002fb9   Thumb Code    26  stm32f10x_rcc.o(i.RCC_APB2PeriphClockCmd)
    RCC_APB2PeriphResetCmd                   0x08002fd9   Thumb Code    26  stm32f10x_rcc.o(i.RCC_APB2PeriphResetCmd)
    RCC_GetClocksFreq                        0x08002ff9   Thumb Code   192  stm32f10x_rcc.o(i.RCC_GetClocksFreq)
    RS485_Init                               0x080030cd   Thumb Code   196  rs485.o(i.RS485_Init)
    RS485_Send_Data                          0x0800319d   Thumb Code    72  rs485.o(i.RS485_Send_Data)
    SVC_Handler                              0x080031f1   Thumb Code     2  stm32f10x_it.o(i.SVC_Handler)
    Send_DATA                                0x080031f5   Thumb Code    56  gprs.o(i.Send_DATA)
    State_check                              0x08003319   Thumb Code    14  sys.o(i.State_check)
    SysTick_Handler                          0x0800332d   Thumb Code     8  stm32f10x_it.o(i.SysTick_Handler)
    SysTick_Init                             0x08003335   Thumb Code    94  sys.o(i.SysTick_Init)
    Sys_clk_driver                           0x080033a1   Thumb Code    96  sys.o(i.Sys_clk_driver)
    SystemInit                               0x08003449   Thumb Code    78  system_stm32f10x.o(i.SystemInit)
    TIM3_IRQHandler                          0x080034a9   Thumb Code    50  timer.o(i.TIM3_IRQHandler)
    TIM3_Int_Init                            0x080034e9   Thumb Code    86  timer.o(i.TIM3_Int_Init)
    TIM4_IRQHandler                          0x08003545   Thumb Code    36  timer.o(i.TIM4_IRQHandler)
    TIM4_Int_Init                            0x08003571   Thumb Code    98  timer.o(i.TIM4_Int_Init)
    TIM5_IRQHandler                          0x080035d9   Thumb Code    50  timer.o(i.TIM5_IRQHandler)
    TIM5_Int_Init                            0x08003619   Thumb Code    98  timer.o(i.TIM5_Int_Init)
    TIM_ClearITPendingBit                    0x08003681   Thumb Code     6  stm32f10x_tim.o(i.TIM_ClearITPendingBit)
    TIM_Cmd                                  0x08003687   Thumb Code    24  stm32f10x_tim.o(i.TIM_Cmd)
    TIM_GetITStatus                          0x0800369f   Thumb Code    34  stm32f10x_tim.o(i.TIM_GetITStatus)
    TIM_ITConfig                             0x080036c1   Thumb Code    18  stm32f10x_tim.o(i.TIM_ITConfig)
    TIM_SetCounter                           0x080036d3   Thumb Code     4  stm32f10x_tim.o(i.TIM_SetCounter)
    TIM_TimeBaseInit                         0x080036d9   Thumb Code   122  stm32f10x_tim.o(i.TIM_TimeBaseInit)
    Time_Init                                0x0800377d   Thumb Code    46  timer.o(i.Time_Init)
    UART3_SendString                         0x080037c1   Thumb Code    62  gprs.o(i.UART3_SendString)
    USART1_IRQHandler                        0x0800380d   Thumb Code   122  usart.o(i.USART1_IRQHandler)
    USART2_IRQHandler                        0x08003895   Thumb Code    90  rs485.o(i.USART2_IRQHandler)
    USART3_IRQHandler                        0x0800391d   Thumb Code    60  gprs.o(i.USART3_IRQHandler)
    USART3_Init_Config                       0x08003965   Thumb Code   220  gprs.o(i.USART3_Init_Config)
    USART_ClearFlag                          0x08003a61   Thumb Code    18  stm32f10x_usart.o(i.USART_ClearFlag)
    USART_Cmd                                0x08003a73   Thumb Code    24  stm32f10x_usart.o(i.USART_Cmd)
    USART_DeInit                             0x08003a8d   Thumb Code   134  stm32f10x_usart.o(i.USART_DeInit)
    USART_GetFlagStatus                      0x08003b29   Thumb Code    26  stm32f10x_usart.o(i.USART_GetFlagStatus)
    USART_GetITStatus                        0x08003b43   Thumb Code    84  stm32f10x_usart.o(i.USART_GetITStatus)
    USART_ITConfig                           0x08003b97   Thumb Code    74  stm32f10x_usart.o(i.USART_ITConfig)
    USART_Init                               0x08003be1   Thumb Code   210  stm32f10x_usart.o(i.USART_Init)
    USART_ReceiveData                        0x08003cb9   Thumb Code    10  stm32f10x_usart.o(i.USART_ReceiveData)
    USART_SendData                           0x08003cc3   Thumb Code     8  stm32f10x_usart.o(i.USART_SendData)
    UsageFault_Handler                       0x08003ccb   Thumb Code     4  stm32f10x_it.o(i.UsageFault_Handler)
    __ARM_fpclassify                         0x08003ccf   Thumb Code    40  fpclassify.o(i.__ARM_fpclassify)
    _is_digit                                0x08003cf7   Thumb Code    14  __printf_wp.o(i._is_digit)
    beat_APP                                 0x08003d05   Thumb Code   190  sys.o(i.beat_APP)
    clear_sendbuf                            0x08003e2d   Thumb Code    22  sys.o(i.clear_sendbuf)
    crc16_check                              0x08003e49   Thumb Code    58  gprs.o(i.crc16_check)
    data_read                                0x08003e85   Thumb Code    30  sys.o(i.data_read)
    data_send_check                          0x08003ea9   Thumb Code    64  sys.o(i.data_send_check)
    data_write                               0x08003f1d   Thumb Code    30  sys.o(i.data_write)
    get_APP                                  0x08003f41   Thumb Code  3494  sys.o(i.get_APP)
    gprs_check                               0x08004d79   Thumb Code  3412  gprs.o(i.gprs_check)
    gprs_driver                              0x08005c2d   Thumb Code    84  sys.o(i.gprs_driver)
    gprs_rest                                0x08005cc1   Thumb Code   468  gprs.o(i.gprs_rest)
    heartbeat                                0x08005f75   Thumb Code    98  gprs.o(i.heartbeat)
    init_driver_mode_run                     0x0800600d   Thumb Code    52  sys.o(i.init_driver_mode_run)
    main                                     0x0800608d   Thumb Code   100  main.o(i.main)
    processRunningApp                        0x0800619d   Thumb Code    32  sys.o(i.processRunningApp)
    processRunningMode                       0x080061c1   Thumb Code    42  sys.o(i.processRunningMode)
    revl                                     0x08006225   Thumb Code    28  gprs.o(i.revl)
    revs                                     0x08006241   Thumb Code    16  gprs.o(i.revs)
    send_data_to_sever                       0x08006251   Thumb Code  2008  gprs.o(i.send_data_to_sever)
    time_to_second                           0x08006add   Thumb Code   262  sys.o(i.time_to_second)
    timerTick_app                            0x08006bf9   Thumb Code   380  sys.o(i.timerTick_app)
    u32_to_u8                                0x08006d7d   Thumb Code    50  sys.o(i.u32_to_u8)
    u8_to_u32                                0x08006daf   Thumb Code    24  sys.o(i.u8_to_u32)
    uart_init                                0x08006dc9   Thumb Code   152  usart.o(i.uart_init)
    uuPrintf                                 0x08006e69   Thumb Code    22  usart.o(i.uuPrintf)
    uuSend                                   0x08006e81   Thumb Code    28  usart.o(i.uuSend)
    _get_lc_numeric                          0x08006ea1   Thumb Code    44  lc_numeric_c.o(locale$$code)
    _get_lc_ctype                            0x08006ecd   Thumb Code    44  lc_ctype_c.o(locale$$code)
    _printf_fp_dec                           0x08006ef9   Thumb Code     4  printf1.o(x$fpl$printf1)
    __I$use$fp                               0x08006efc   Number         0  usenofp.o(x$fpl$usenofp)
    Region$$Table$$Base                      0x08007008   Number         0  anon$$obj.o(Region$$Table)
    Region$$Table$$Limit                     0x08007028   Number         0  anon$$obj.o(Region$$Table)
    __ctype                                  0x08007051   Data           0  lc_ctype_c.o(locale$$data)
    SystemCoreClock                          0x20000000   Data           4  system_stm32f10x.o(.data)
    AHBPrescTable                            0x20000004   Data          16  system_stm32f10x.o(.data)
    SN                                       0x20000014   Data           4  sys.o(.data)
    get_data                                 0x20000018   Data           8  sys.o(.data)
    get_state                                0x20000020   Data           8  sys.o(.data)
    beat                                     0x20000028   Data           2  sys.o(.data)
    sys                                      0x2000002c   Data           4  sys.o(.data)
    cfgsys                                   0x20000030   Data           4  sys.o(.data)
    Get_data_EN                              0x20000034   Data           1  sys.o(.data)
    Get_State_EN                             0x20000035   Data           1  sys.o(.data)
    last_num                                 0x20000036   Data           1  sys.o(.data)
    this_num                                 0x20000037   Data           1  sys.o(.data)
    u8_4_buffer                              0x20000038   Data           4  sys.o(.data)
    u32_temp                                 0x2000003c   Data           4  sys.o(.data)
    Random_num1                              0x20000040   Data           4  sys.o(.data)
    Random_num2                              0x20000044   Data           4  sys.o(.data)
    Second_temp                              0x20000048   Data           4  sys.o(.data)
    Ms_temp                                  0x2000004c   Data           4  sys.o(.data)
    Random1_temp1                            0x20000050   Data           4  sys.o(.data)
    Random2_temp2                            0x20000054   Data           4  sys.o(.data)
    RD_num                                   0x20000058   Data           4  sys.o(.data)
    RW_num                                   0x2000005c   Data           4  sys.o(.data)
    sendhistorydataEN                        0x20000060   Data           1  sys.o(.data)
    sys_second                               0x20000064   Data           4  sys.o(.data)
    iSeed                                    0x20000068   Data           2  sys.o(.data)
    iRand                                    0x2000006a   Data           2  sys.o(.data)
    lflage                                   0x2000006c   Data           1  usart.o(.data)
    USART_RX_STA                             0x2000006e   Data           2  usart.o(.data)
    RS485_RX_CNT                             0x20000070   Data           1  rs485.o(.data)
    RS485Flag                                0x20000071   Data           1  rs485.o(.data)
    GPRSstaFlag                              0x20000074   Data           1  gprs.o(.data)
    beatflag                                 0x20000075   Data           1  gprs.o(.data)
    p_gprs_buf                               0x20000078   Data           4  gprs.o(.data)
    p_gprs_rd                                0x2000007c   Data           4  gprs.o(.data)
    CYCLE                                    0x20000080   Data           1  gprs.o(.data)
    cle                                      0x20000081   Data           1  gprs.o(.data)
    crc                                      0x20000082   Data           2  gprs.o(.data)
    cnt_1s                                   0x20000086   Data           1  timer.o(.data)
    Interval_NUM                             0x20000088   Data           2  timer.o(.data)
    flash                                    0x200000a0   Data          12  sys.o(.bss)
    systm                                    0x200000ac   Data          84  sys.o(.bss)
    cfg_sys_t                                0x20000100   Data         156  sys.o(.bss)
    time_t                                   0x2000019c   Data          24  sys.o(.bss)
    Data_buff                                0x200001b4   Data         158  sys.o(.bss)
    data_save                                0x20000252   Data       29520  sys.o(.bss)
    send_buff                                0x200075a2   Data         158  sys.o(.bss)
    string                                   0x20007640   Data         256  usart.o(.bss)
    USART_RX_BUF                             0x20007740   Data         200  usart.o(.bss)
    RS485_RX_BUF                             0x20007808   Data         160  rs485.o(.bss)
    Uart3_GPRS_Buf                           0x200078a8   Data       30720  gprs.o(.bss)
    RX_buff                                  0x2000f0a8   Data          50  gprs.o(.bss)
    Uatdata1                                 0x2000f0dc   Data         188  gprs.o(.bss)
    Iatdata2                                 0x2000f198   Data         188  gprs.o(.bss)
    sdk_cmd_info                             0x2000f254   Data         188  gprs.o(.bss)
    _random_number_data                      0x2000f310   Data         228  rand.o(.bss)
    __libspace_start                         0x2000f3f4   Data          96  libspace.o(.bss)
    __temporary_stack_top$libspace           0x2000f454   Data           0  libspace.o(.bss)



==============================================================================

Memory Map of the image

  Image Entry point : 0x080002b1

  Load Region LR_1 (Base: 0x08000000, Size: 0x000071f4, Max: 0xffffffff, ABSOLUTE)

    Execution Region ER_RO (Base: 0x08000000, Size: 0x00007154, Max: 0xffffffff, ABSOLUTE)

    Base Addr    Size         Type   Attr      Idx    E Section Name        Object

    0x08000000   0x00000130   Data   RO          915    RESET               startup_stm32f10x_hd.o
    0x08000130   0x00000008   Code   RO         3942  * !!!main             c_w.l(__main.o)
    0x08000138   0x00000034   Code   RO         4238    !!!scatter          c_w.l(__scatter.o)
    0x0800016c   0x0000001a   Code   RO         4240    !!handler_copy      c_w.l(__scatter_copy.o)
    0x08000186   0x00000002   PAD
    0x08000188   0x0000001c   Code   RO         4242    !!handler_zi        c_w.l(__scatter_zi.o)
    0x080001a4   0x00000000   Code   RO         3920    .ARM.Collect$$_printf_percent$$00000000  c_w.l(_printf_percent.o)
    0x080001a4   0x00000006   Code   RO         3993    .ARM.Collect$$_printf_percent$$00000001  c_w.l(_printf_n.o)
    0x080001aa   0x00000006   Code   RO         3995    .ARM.Collect$$_printf_percent$$00000002  c_w.l(_printf_p.o)
    0x080001b0   0x00000006   Code   RO         3999    .ARM.Collect$$_printf_percent$$00000003  c_w.l(_printf_f.o)
    0x080001b6   0x00000006   Code   RO         4000    .ARM.Collect$$_printf_percent$$00000004  c_w.l(_printf_e.o)
    0x080001bc   0x00000006   Code   RO         4001    .ARM.Collect$$_printf_percent$$00000005  c_w.l(_printf_g.o)
    0x080001c2   0x00000006   Code   RO         4002    .ARM.Collect$$_printf_percent$$00000006  c_w.l(_printf_a.o)
    0x080001c8   0x0000000a   Code   RO         4007    .ARM.Collect$$_printf_percent$$00000007  c_w.l(_printf_ll.o)
    0x080001d2   0x00000006   Code   RO         3997    .ARM.Collect$$_printf_percent$$00000008  c_w.l(_printf_i.o)
    0x080001d8   0x00000006   Code   RO         3919    .ARM.Collect$$_printf_percent$$00000009  c_w.l(_printf_d.o)
    0x080001de   0x00000006   Code   RO         3998    .ARM.Collect$$_printf_percent$$0000000A  c_w.l(_printf_u.o)
    0x080001e4   0x00000006   Code   RO         3996    .ARM.Collect$$_printf_percent$$0000000B  c_w.l(_printf_o.o)
    0x080001ea   0x00000006   Code   RO         3994    .ARM.Collect$$_printf_percent$$0000000C  c_w.l(_printf_x.o)
    0x080001f0   0x00000006   Code   RO         4004    .ARM.Collect$$_printf_percent$$0000000D  c_w.l(_printf_lli.o)
    0x080001f6   0x00000006   Code   RO         4005    .ARM.Collect$$_printf_percent$$0000000E  c_w.l(_printf_lld.o)
    0x080001fc   0x00000006   Code   RO         4006    .ARM.Collect$$_printf_percent$$0000000F  c_w.l(_printf_llu.o)
    0x08000202   0x00000006   Code   RO         4011    .ARM.Collect$$_printf_percent$$00000010  c_w.l(_printf_llo.o)
    0x08000208   0x00000006   Code   RO         4012    .ARM.Collect$$_printf_percent$$00000011  c_w.l(_printf_llx.o)
    0x0800020e   0x0000000a   Code   RO         4008    .ARM.Collect$$_printf_percent$$00000012  c_w.l(_printf_l.o)
    0x08000218   0x00000006   Code   RO         3991    .ARM.Collect$$_printf_percent$$00000013  c_w.l(_printf_c.o)
    0x0800021e   0x00000006   Code   RO         3992    .ARM.Collect$$_printf_percent$$00000014  c_w.l(_printf_s.o)
    0x08000224   0x00000006   Code   RO         4009    .ARM.Collect$$_printf_percent$$00000015  c_w.l(_printf_lc.o)
    0x0800022a   0x00000006   Code   RO         4010    .ARM.Collect$$_printf_percent$$00000016  c_w.l(_printf_ls.o)
    0x08000230   0x00000004   Code   RO         4003    .ARM.Collect$$_printf_percent$$00000017  c_w.l(_printf_percent_end.o)
    0x08000234   0x00000002   Code   RO         4151    .ARM.Collect$$libinit$$00000000  c_w.l(libinit.o)
    0x08000236   0x00000000   Code   RO         4020    .ARM.Collect$$libinit$$00000002  c_w.l(libinit2.o)
    0x08000236   0x00000000   Code   RO         4022    .ARM.Collect$$libinit$$00000004  c_w.l(libinit2.o)
    0x08000236   0x00000000   Code   RO         4025    .ARM.Collect$$libinit$$0000000A  c_w.l(libinit2.o)
    0x08000236   0x00000000   Code   RO         4027    .ARM.Collect$$libinit$$0000000C  c_w.l(libinit2.o)
    0x08000236   0x00000004   Code   RO         4028    .ARM.Collect$$libinit$$0000000D  c_w.l(libinit2.o)
    0x0800023a   0x00000000   Code   RO         4029    .ARM.Collect$$libinit$$0000000E  c_w.l(libinit2.o)
    0x0800023a   0x00000006   Code   RO         4030    .ARM.Collect$$libinit$$0000000F  c_w.l(libinit2.o)
    0x08000240   0x00000000   Code   RO         4032    .ARM.Collect$$libinit$$00000011  c_w.l(libinit2.o)
    0x08000240   0x0000000c   Code   RO         4033    .ARM.Collect$$libinit$$00000012  c_w.l(libinit2.o)
    0x0800024c   0x00000000   Code   RO         4034    .ARM.Collect$$libinit$$00000013  c_w.l(libinit2.o)
    0x0800024c   0x00000000   Code   RO         4036    .ARM.Collect$$libinit$$00000015  c_w.l(libinit2.o)
    0x0800024c   0x0000000a   Code   RO         4037    .ARM.Collect$$libinit$$00000016  c_w.l(libinit2.o)
    0x08000256   0x00000000   Code   RO         4038    .ARM.Collect$$libinit$$00000017  c_w.l(libinit2.o)
    0x08000256   0x00000000   Code   RO         4040    .ARM.Collect$$libinit$$00000019  c_w.l(libinit2.o)
    0x08000256   0x00000000   Code   RO         4042    .ARM.Collect$$libinit$$0000001B  c_w.l(libinit2.o)
    0x08000256   0x00000000   Code   RO         4044    .ARM.Collect$$libinit$$0000001D  c_w.l(libinit2.o)
    0x08000256   0x00000000   Code   RO         4046    .ARM.Collect$$libinit$$0000001F  c_w.l(libinit2.o)
    0x08000256   0x00000000   Code   RO         4048    .ARM.Collect$$libinit$$00000021  c_w.l(libinit2.o)
    0x08000256   0x00000000   Code   RO         4050    .ARM.Collect$$libinit$$00000023  c_w.l(libinit2.o)
    0x08000256   0x00000000   Code   RO         4052    .ARM.Collect$$libinit$$00000025  c_w.l(libinit2.o)
    0x08000256   0x00000000   Code   RO         4056    .ARM.Collect$$libinit$$0000002C  c_w.l(libinit2.o)
    0x08000256   0x00000000   Code   RO         4058    .ARM.Collect$$libinit$$0000002E  c_w.l(libinit2.o)
    0x08000256   0x00000000   Code   RO         4060    .ARM.Collect$$libinit$$00000030  c_w.l(libinit2.o)
    0x08000256   0x00000000   Code   RO         4062    .ARM.Collect$$libinit$$00000032  c_w.l(libinit2.o)
    0x08000256   0x00000002   Code   RO         4063    .ARM.Collect$$libinit$$00000033  c_w.l(libinit2.o)
    0x08000258   0x00000002   Code   RO         4199    .ARM.Collect$$libshutdown$$00000000  c_w.l(libshutdown.o)
    0x0800025a   0x00000000   Code   RO         4205    .ARM.Collect$$libshutdown$$00000002  c_w.l(libshutdown2.o)
    0x0800025a   0x00000000   Code   RO         4207    .ARM.Collect$$libshutdown$$00000004  c_w.l(libshutdown2.o)
    0x0800025a   0x00000000   Code   RO         4210    .ARM.Collect$$libshutdown$$00000007  c_w.l(libshutdown2.o)
    0x0800025a   0x00000000   Code   RO         4213    .ARM.Collect$$libshutdown$$0000000A  c_w.l(libshutdown2.o)
    0x0800025a   0x00000000   Code   RO         4215    .ARM.Collect$$libshutdown$$0000000C  c_w.l(libshutdown2.o)
    0x0800025a   0x00000000   Code   RO         4218    .ARM.Collect$$libshutdown$$0000000F  c_w.l(libshutdown2.o)
    0x0800025a   0x00000002   Code   RO         4219    .ARM.Collect$$libshutdown$$00000010  c_w.l(libshutdown2.o)
    0x0800025c   0x00000000   Code   RO         3944    .ARM.Collect$$rtentry$$00000000  c_w.l(__rtentry.o)
    0x0800025c   0x00000000   Code   RO         4067    .ARM.Collect$$rtentry$$00000002  c_w.l(__rtentry2.o)
    0x0800025c   0x00000006   Code   RO         4079    .ARM.Collect$$rtentry$$00000004  c_w.l(__rtentry4.o)
    0x08000262   0x00000000   Code   RO         4069    .ARM.Collect$$rtentry$$00000009  c_w.l(__rtentry2.o)
    0x08000262   0x00000004   Code   RO         4070    .ARM.Collect$$rtentry$$0000000A  c_w.l(__rtentry2.o)
    0x08000266   0x00000000   Code   RO         4072    .ARM.Collect$$rtentry$$0000000C  c_w.l(__rtentry2.o)
    0x08000266   0x00000008   Code   RO         4073    .ARM.Collect$$rtentry$$0000000D  c_w.l(__rtentry2.o)
    0x0800026e   0x00000002   Code   RO         4162    .ARM.Collect$$rtexit$$00000000  c_w.l(rtexit.o)
    0x08000270   0x00000000   Code   RO         4179    .ARM.Collect$$rtexit$$00000002  c_w.l(rtexit2.o)
    0x08000270   0x00000004   Code   RO         4180    .ARM.Collect$$rtexit$$00000003  c_w.l(rtexit2.o)
    0x08000274   0x00000006   Code   RO         4181    .ARM.Collect$$rtexit$$00000004  c_w.l(rtexit2.o)
    0x0800027a   0x00000002   PAD
    0x0800027c   0x00000034   Code   RO         3925    .emb_text           c_w.l(rand.o)
    0x080002b0   0x00000040   Code   RO          916  * .text               startup_stm32f10x_hd.o
    0x080002f0   0x00000024   Code   RO         3889    .text               c_w.l(c89vsprintf.o)
    0x08000314   0x0000002c   Code   RO         3891    .text               c_w.l(__2sprintf.o)
    0x08000340   0x00000078   Code   RO         3897    .text               c_w.l(_printf_dec.o)
    0x080003b8   0x00000188   Code   RO         3916    .text               c_w.l(__printf_flags_ss_wp.o)
    0x08000540   0x0000003c   Code   RO         3921    .text               c_w.l(__0sscanf.o)
    0x0800057c   0x0000014c   Code   RO         3923    .text               c_w.l(_scanf_int.o)
    0x080006c8   0x0000003c   Code   RO         3926    .text               c_w.l(rand.o)
    0x08000704   0x00000024   Code   RO         3930    .text               c_w.l(strstr.o)
    0x08000728   0x0000008a   Code   RO         3932    .text               c_w.l(rt_memcpy_v6.o)
    0x080007b2   0x00000064   Code   RO         3934    .text               c_w.l(rt_memcpy_w.o)
    0x08000816   0x00000044   Code   RO         3936    .text               c_w.l(rt_memclr.o)
    0x0800085a   0x0000004e   Code   RO         3938    .text               c_w.l(rt_memclr_w.o)
    0x080008a8   0x00000006   Code   RO         3940    .text               c_w.l(heapauxi.o)
    0x080008ae   0x0000004e   Code   RO         3945    .text               c_w.l(_printf_pad.o)
    0x080008fc   0x00000024   Code   RO         3947    .text               c_w.l(_printf_truncate.o)
    0x08000920   0x00000052   Code   RO         3949    .text               c_w.l(_printf_str.o)
    0x08000972   0x000000b2   Code   RO         3951    .text               c_w.l(_printf_intcommon.o)
    0x08000a24   0x00000028   Code   RO         3953    .text               c_w.l(_printf_charcount.o)
    0x08000a4c   0x00000030   Code   RO         3955    .text               c_w.l(_printf_char_common.o)
    0x08000a7c   0x0000000a   Code   RO         3957    .text               c_w.l(_sputc.o)
    0x08000a86   0x00000002   PAD
    0x08000a88   0x000000bc   Code   RO         3959    .text               c_w.l(_printf_wctomb.o)
    0x08000b44   0x0000007c   Code   RO         3962    .text               c_w.l(_printf_longlong_dec.o)
    0x08000bc0   0x00000070   Code   RO         3968    .text               c_w.l(_printf_oct_int_ll.o)
    0x08000c30   0x00000094   Code   RO         3988    .text               c_w.l(_printf_hex_int_ll_ptr.o)
    0x08000cc4   0x0000001c   Code   RO         4013    .text               c_w.l(_chval.o)
    0x08000ce0   0x0000002c   Code   RO         4015    .text               c_w.l(scanf_char.o)
    0x08000d0c   0x00000040   Code   RO         4017    .text               c_w.l(_sgetc.o)
    0x08000d4c   0x0000008a   Code   RO         4081    .text               c_w.l(lludiv10.o)
    0x08000dd6   0x00000012   Code   RO         4083    .text               c_w.l(isspace.o)
    0x08000de8   0x0000041a   Code   RO         4085    .text               c_w.l(_printf_fp_dec.o)
    0x08001202   0x0000002c   Code   RO         4089    .text               c_w.l(_printf_char.o)
    0x0800122e   0x0000002c   Code   RO         4091    .text               c_w.l(_printf_wchar.o)
    0x0800125a   0x00000002   PAD
    0x0800125c   0x00000374   Code   RO         4093    .text               c_w.l(_scanf.o)
    0x080015d0   0x00000040   Code   RO         4095    .text               c_w.l(_wcrtomb.o)
    0x08001610   0x0000004a   Code   RO         4101    .text               c_w.l(sys_stackheap_outer.o)
    0x0800165a   0x00000002   PAD
    0x0800165c   0x00000010   Code   RO         4103    .text               c_w.l(rt_ctype_table.o)
    0x0800166c   0x00000008   Code   RO         4108    .text               c_w.l(rt_locale_intlibspace.o)
    0x08001674   0x00000080   Code   RO         4110    .text               c_w.l(_printf_fp_infnan.o)
    0x080016f4   0x000000dc   Code   RO         4112    .text               c_w.l(bigflt0.o)
    0x080017d0   0x00000012   Code   RO         4140    .text               c_w.l(exit.o)
    0x080017e2   0x00000002   PAD
    0x080017e4   0x00000008   Code   RO         4159    .text               c_w.l(libspace.o)
    0x080017ec   0x00000080   Code   RO         4173    .text               c_w.l(strcmpv7m.o)
    0x0800186c   0x00000002   Code   RO         4175    .text               c_w.l(use_no_semi.o)
    0x0800186e   0x00000000   Code   RO         4177    .text               c_w.l(indicate_semi.o)
    0x0800186e   0x00000002   PAD
    0x08001870   0x0000000c   Code   RO         4191    .text               c_w.l(sys_exit.o)
    0x0800187c   0x0000003e   Code   RO         4115    CL$$btod_d2e        c_w.l(btod.o)
    0x080018ba   0x00000046   Code   RO         4117    CL$$btod_d2e_denorm_low  c_w.l(btod.o)
    0x08001900   0x00000060   Code   RO         4116    CL$$btod_d2e_norm_op1  c_w.l(btod.o)
    0x08001960   0x00000338   Code   RO         4125    CL$$btod_div_common  c_w.l(btod.o)
    0x08001c98   0x000000c6   Code   RO         4122    CL$$btod_e2e        c_w.l(btod.o)
    0x08001d5e   0x00000028   Code   RO         4119    CL$$btod_ediv       c_w.l(btod.o)
    0x08001d86   0x00000028   Code   RO         4118    CL$$btod_emul       c_w.l(btod.o)
    0x08001dae   0x00000244   Code   RO         4124    CL$$btod_mult_common  c_w.l(btod.o)
    0x08001ff2   0x00000016   Code   RO          962    i.ADC_Cmd           stm32f10x_adc.o
    0x08002008   0x0000005c   Code   RO          964    i.ADC_DeInit        stm32f10x_adc.o
    0x08002064   0x00000014   Code   RO          970    i.ADC_GetCalibrationStatus  stm32f10x_adc.o
    0x08002078   0x00000008   Code   RO          971    i.ADC_GetConversionValue  stm32f10x_adc.o
    0x08002080   0x00000012   Code   RO          973    i.ADC_GetFlagStatus  stm32f10x_adc.o
    0x08002092   0x00000014   Code   RO          976    i.ADC_GetResetCalibrationStatus  stm32f10x_adc.o
    0x080020a6   0x00000002   PAD
    0x080020a8   0x00000050   Code   RO          980    i.ADC_Init          stm32f10x_adc.o
    0x080020f8   0x000000b8   Code   RO          984    i.ADC_RegularChannelConfig  stm32f10x_adc.o
    0x080021b0   0x0000000a   Code   RO          985    i.ADC_ResetCalibration  stm32f10x_adc.o
    0x080021ba   0x00000016   Code   RO          987    i.ADC_SoftwareStartConvCmd  stm32f10x_adc.o
    0x080021d0   0x0000000a   Code   RO          989    i.ADC_StartCalibration  stm32f10x_adc.o
    0x080021da   0x00000002   PAD
    0x080021dc   0x0000008c   Code   RO          297    i.Adc_Init          sys.o
    0x08002268   0x00000004   Code   RO          141    i.BusFault_Handler  stm32f10x_it.o
    0x0800226c   0x0000002c   Code   RO          603    i.CLR_GPRS_Buf      gprs.o
    0x08002298   0x000001d8   Code   RO          298    i.Cf_init           sys.o
    0x08002470   0x00000010   Code   RO          560    i.Clear_rs485_buf   rs485.o
    0x08002480   0x00000002   Code   RO          142    i.DebugMon_Handler  stm32f10x_it.o
    0x08002482   0x00000002   PAD
    0x08002484   0x0000001c   Code   RO          604    i.Find              gprs.o
    0x080024a0   0x00000116   Code   RO         2071    i.GPIO_Init         stm32f10x_gpio.o
    0x080025b6   0x00000004   Code   RO         2079    i.GPIO_SetBits      stm32f10x_gpio.o
    0x080025ba   0x00000002   PAD
    0x080025bc   0x0000004c   Code   RO          605    i.GPRS_APP          gprs.o
    0x08002608   0x00000028   Code   RO          606    i.GPRS_init         gprs.o
    0x08002630   0x00000034   Code   RO          302    i.Get_Adc           sys.o
    0x08002664   0x0000003c   Code   RO          303    i.Get_random_num    sys.o
    0x080026a0   0x00000004   Code   RO          143    i.HardFault_Handler  stm32f10x_it.o
    0x080026a4   0x000007ec   Code   RO          304    i.HtyDatasend       sys.o
    0x08002e90   0x00000040   Code   RO          510    i.M_printf          usart.o
    0x08002ed0   0x00000004   Code   RO          144    i.MemManage_Handler  stm32f10x_it.o
    0x08002ed4   0x00000002   Code   RO          145    i.NMI_Handler       stm32f10x_it.o
    0x08002ed6   0x00000002   PAD
    0x08002ed8   0x00000070   Code   RO          920    i.NVIC_Init         misc.o
    0x08002f48   0x00000014   Code   RO          921    i.NVIC_PriorityGroupConfig  misc.o
    0x08002f5c   0x00000002   Code   RO          146    i.PendSV_Handler    stm32f10x_it.o
    0x08002f5e   0x00000002   PAD
    0x08002f60   0x00000018   Code   RO         2485    i.RCC_ADCCLKConfig  stm32f10x_rcc.o
    0x08002f78   0x00000020   Code   RO         2487    i.RCC_APB1PeriphClockCmd  stm32f10x_rcc.o
    0x08002f98   0x00000020   Code   RO         2488    i.RCC_APB1PeriphResetCmd  stm32f10x_rcc.o
    0x08002fb8   0x00000020   Code   RO         2489    i.RCC_APB2PeriphClockCmd  stm32f10x_rcc.o
    0x08002fd8   0x00000020   Code   RO         2490    i.RCC_APB2PeriphResetCmd  stm32f10x_rcc.o
    0x08002ff8   0x000000d4   Code   RO         2497    i.RCC_GetClocksFreq  stm32f10x_rcc.o
    0x080030cc   0x000000d0   Code   RO          561    i.RS485_Init        rs485.o
    0x0800319c   0x00000054   Code   RO          563    i.RS485_Send_Data   rs485.o
    0x080031f0   0x00000002   Code   RO          147    i.SVC_Handler       stm32f10x_it.o
    0x080031f2   0x00000002   PAD
    0x080031f4   0x0000003c   Code   RO          607    i.Send_DATA         gprs.o
    0x08003230   0x00000008   Code   RO          204    i.SetSysClock       system_stm32f10x.o
    0x08003238   0x000000e0   Code   RO          205    i.SetSysClockTo72   system_stm32f10x.o
    0x08003318   0x00000014   Code   RO          307    i.State_check       sys.o
    0x0800332c   0x00000008   Code   RO          148    i.SysTick_Handler   stm32f10x_it.o
    0x08003334   0x0000006c   Code   RO          308    i.SysTick_Init      sys.o
    0x080033a0   0x000000a8   Code   RO          309    i.Sys_clk_driver    sys.o
    0x08003448   0x00000060   Code   RO          207    i.SystemInit        system_stm32f10x.o
    0x080034a8   0x00000040   Code   RO          719    i.TIM3_IRQHandler   timer.o
    0x080034e8   0x0000005c   Code   RO          720    i.TIM3_Int_Init     timer.o
    0x08003544   0x0000002c   Code   RO          721    i.TIM4_IRQHandler   timer.o
    0x08003570   0x00000068   Code   RO          722    i.TIM4_Int_Init     timer.o
    0x080035d8   0x00000040   Code   RO          723    i.TIM5_IRQHandler   timer.o
    0x08003618   0x00000068   Code   RO          724    i.TIM5_Int_Init     timer.o
    0x08003680   0x00000006   Code   RO         3116    i.TIM_ClearITPendingBit  stm32f10x_tim.o
    0x08003686   0x00000018   Code   RO         3121    i.TIM_Cmd           stm32f10x_tim.o
    0x0800369e   0x00000022   Code   RO         3142    i.TIM_GetITStatus   stm32f10x_tim.o
    0x080036c0   0x00000012   Code   RO         3146    i.TIM_ITConfig      stm32f10x_tim.o
    0x080036d2   0x00000004   Code   RO         3186    i.TIM_SetCounter    stm32f10x_tim.o
    0x080036d6   0x00000002   PAD
    0x080036d8   0x000000a4   Code   RO         3192    i.TIM_TimeBaseInit  stm32f10x_tim.o
    0x0800377c   0x00000044   Code   RO          725    i.Time_Init         timer.o
    0x080037c0   0x0000004c   Code   RO          609    i.UART3_SendString  gprs.o
    0x0800380c   0x00000088   Code   RO          511    i.USART1_IRQHandler  usart.o
    0x08003894   0x00000088   Code   RO          564    i.USART2_IRQHandler  rs485.o
    0x0800391c   0x00000048   Code   RO          610    i.USART3_IRQHandler  gprs.o
    0x08003964   0x000000fc   Code   RO          611    i.USART3_Init_Config  gprs.o
    0x08003a60   0x00000012   Code   RO         3653    i.USART_ClearFlag   stm32f10x_usart.o
    0x08003a72   0x00000018   Code   RO         3657    i.USART_Cmd         stm32f10x_usart.o
    0x08003a8a   0x00000002   PAD
    0x08003a8c   0x0000009c   Code   RO         3659    i.USART_DeInit      stm32f10x_usart.o
    0x08003b28   0x0000001a   Code   RO         3660    i.USART_GetFlagStatus  stm32f10x_usart.o
    0x08003b42   0x00000054   Code   RO         3661    i.USART_GetITStatus  stm32f10x_usart.o
    0x08003b96   0x0000004a   Code   RO         3663    i.USART_ITConfig    stm32f10x_usart.o
    0x08003be0   0x000000d8   Code   RO         3664    i.USART_Init        stm32f10x_usart.o
    0x08003cb8   0x0000000a   Code   RO         3671    i.USART_ReceiveData  stm32f10x_usart.o
    0x08003cc2   0x00000008   Code   RO         3674    i.USART_SendData    stm32f10x_usart.o
    0x08003cca   0x00000004   Code   RO          149    i.UsageFault_Handler  stm32f10x_it.o
    0x08003cce   0x00000028   Code   RO         4155    i.__ARM_fpclassify  m_ws.l(fpclassify.o)
    0x08003cf6   0x0000000e   Code   RO         3909    i._is_digit         c_w.l(__printf_wp.o)
    0x08003d04   0x00000128   Code   RO          311    i.beat_APP          sys.o
    0x08003e2c   0x0000001c   Code   RO          312    i.clear_sendbuf     sys.o
    0x08003e48   0x0000003a   Code   RO          612    i.crc16_check       gprs.o
    0x08003e82   0x00000002   PAD
    0x08003e84   0x00000024   Code   RO          313    i.data_read         sys.o
    0x08003ea8   0x00000074   Code   RO          314    i.data_send_check   sys.o
    0x08003f1c   0x00000024   Code   RO          315    i.data_write        sys.o
    0x08003f40   0x00000e38   Code   RO          316    i.get_APP           sys.o
    0x08004d78   0x00000eb4   Code   RO          613    i.gprs_check        gprs.o
    0x08005c2c   0x00000094   Code   RO          317    i.gprs_driver       sys.o
    0x08005cc0   0x000002b4   Code   RO          614    i.gprs_rest         gprs.o
    0x08005f74   0x00000098   Code   RO          615    i.heartbeat         gprs.o
    0x0800600c   0x00000080   Code   RO          318    i.init_driver_mode_run  sys.o
    0x0800608c   0x00000110   Code   RO            1    i.main              main.o
    0x0800619c   0x00000024   Code   RO          319    i.processRunningApp  sys.o
    0x080061c0   0x00000064   Code   RO          320    i.processRunningMode  sys.o
    0x08006224   0x0000001c   Code   RO          616    i.revl              gprs.o
    0x08006240   0x00000010   Code   RO          617    i.revs              gprs.o
    0x08006250   0x0000088c   Code   RO          619    i.send_data_to_sever  gprs.o
    0x08006adc   0x0000011c   Code   RO          321    i.time_to_second    sys.o
    0x08006bf8   0x00000184   Code   RO          322    i.timerTick_app     sys.o
    0x08006d7c   0x00000032   Code   RO          324    i.u32_to_u8         sys.o
    0x08006dae   0x00000018   Code   RO          325    i.u8_to_u32         sys.o
    0x08006dc6   0x00000002   PAD
    0x08006dc8   0x000000a0   Code   RO          512    i.uart_init         usart.o
    0x08006e68   0x00000016   Code   RO          513    i.uuPrintf          usart.o
    0x08006e7e   0x00000002   PAD
    0x08006e80   0x00000020   Code   RO          514    i.uuSend            usart.o
    0x08006ea0   0x0000002c   Code   RO         4138    locale$$code        c_w.l(lc_numeric_c.o)
    0x08006ecc   0x0000002c   Code   RO         4167    locale$$code        c_w.l(lc_ctype_c.o)
    0x08006ef8   0x00000004   Code   RO         4064    x$fpl$printf1       fz_ws.l(printf1.o)
    0x08006efc   0x00000000   Code   RO         4154    x$fpl$usenofp       fz_ws.l(usenofp.o)
    0x08006efc   0x00000034   Data   RO          327    .constdata          sys.o
    0x08006f30   0x00000011   Data   RO         3917    .constdata          c_w.l(__printf_flags_ss_wp.o)
    0x08006f41   0x00000003   PAD
    0x08006f44   0x00000008   Data   RO         3960    .constdata          c_w.l(_printf_wctomb.o)
    0x08006f4c   0x00000028   Data   RO         3989    .constdata          c_w.l(_printf_hex_int_ll_ptr.o)
    0x08006f74   0x00000094   Data   RO         4113    .constdata          c_w.l(bigflt0.o)
    0x08007008   0x00000020   Data   RO         4236    Region$$Table       anon$$obj.o
    0x08007028   0x0000001c   Data   RO         4137    locale$$data        c_w.l(lc_numeric_c.o)
    0x08007044   0x00000110   Data   RO         4166    locale$$data        c_w.l(lc_ctype_c.o)


    Execution Region ER_RW (Base: 0x20000000, Size: 0x000000a0, Max: 0xffffffff, ABSOLUTE)

    Base Addr    Size         Type   Attr      Idx    E Section Name        Object

    0x20000000   0x00000014   Data   RW          208    .data               system_stm32f10x.o
    0x20000014   0x00000058   Data   RW          328    .data               sys.o
    0x2000006c   0x00000004   Data   RW          516    .data               usart.o
    0x20000070   0x00000002   Data   RW          566    .data               rs485.o
    0x20000072   0x00000002   PAD
    0x20000074   0x00000011   Data   RW          621    .data               gprs.o
    0x20000085   0x00000001   PAD
    0x20000086   0x00000004   Data   RW          726    .data               timer.o
    0x2000008a   0x00000014   Data   RW         2517    .data               stm32f10x_rcc.o


    Execution Region ER_ZI (Base: 0x200000a0, Size: 0x0000f9b8, Max: 0xffffffff, ABSOLUTE)

    Base Addr    Size         Type   Attr      Idx    E Section Name        Object

    0x200000a0   0x000075a0   Zero   RW          326    .bss                sys.o
    0x20007640   0x000001c8   Zero   RW          515    .bss                usart.o
    0x20007808   0x000000a0   Zero   RW          565    .bss                rs485.o
    0x200078a8   0x00007a68   Zero   RW          620    .bss                gprs.o
    0x2000f310   0x000000e4   Zero   RW         3927    .bss                c_w.l(rand.o)
    0x2000f3f4   0x00000060   Zero   RW         4160    .bss                c_w.l(libspace.o)
    0x2000f454   0x00000004   PAD
    0x2000f458   0x00000200   Zero   RW          914    HEAP                startup_stm32f10x_hd.o
    0x2000f658   0x00000400   Zero   RW          913    STACK               startup_stm32f10x_hd.o


==============================================================================

Image component sizes


      Code (inc. data)   RO Data    RW Data    ZI Data      Debug   Object Name

         0          0          0          0          0     214256   delay.o
      7546       2246          0         17      31336      15257   gprs.o
       272        172          0          0          0      49215   main.o
       132         22          0          0          0       1955   misc.o
       444         74          0          2        160       3943   rs485.o
        64         26        304          0       1536        896   startup_stm32f10x_hd.o
       486         24          0          0          0      10278   stm32f10x_adc.o
       282          0          0          0          0       2919   stm32f10x_gpio.o
        32          0          0          0          0       4990   stm32f10x_it.o
       364         50          0         20          0       7235   stm32f10x_rcc.o
       250         42          0          0          0       5067   stm32f10x_tim.o
       616         28          0          0          0       8742   stm32f10x_usart.o
      8358       2264         52         88      30112      38604   sys.o
       328         28          0         20          0       2785   system_stm32f10x.o
       540         76          0          4          0       5328   timer.o
       414         34          0          4        456       5113   usart.o

    ----------------------------------------------------------------------
     20152       5086        388        160      63600     376583   Object Totals
         0          0         32          0          0          0   (incl. Generated)
        24          0          0          5          0          0   (incl. Padding)

    ----------------------------------------------------------------------

      Code (inc. data)   RO Data    RW Data    ZI Data      Debug   Library Member Name

        60          8          0          0          0         84   __0sscanf.o
        44          6          0          0          0         84   __2sprintf.o
         8          0          0          0          0         68   __main.o
       392          4         17          0          0         92   __printf_flags_ss_wp.o
        14          0          0          0          0         68   __printf_wp.o
         0          0          0          0          0          0   __rtentry.o
        12          0          0          0          0          0   __rtentry2.o
         6          0          0          0          0          0   __rtentry4.o
        52          8          0          0          0          0   __scatter.o
        26          0          0          0          0          0   __scatter_copy.o
        28          0          0          0          0          0   __scatter_zi.o
        28          0          0          0          0         68   _chval.o
         6          0          0          0          0          0   _printf_a.o
         6          0          0          0          0          0   _printf_c.o
        44          0          0          0          0        108   _printf_char.o
        48          6          0          0          0         96   _printf_char_common.o
        40          0          0          0          0         68   _printf_charcount.o
         6          0          0          0          0          0   _printf_d.o
       120         16          0          0          0         92   _printf_dec.o
         6          0          0          0          0          0   _printf_e.o
         6          0          0          0          0          0   _printf_f.o
      1050          0          0          0          0        216   _printf_fp_dec.o
       128         16          0          0          0         84   _printf_fp_infnan.o
         6          0          0          0          0          0   _printf_g.o
       148          4         40          0          0        160   _printf_hex_int_ll_ptr.o
         6          0          0          0          0          0   _printf_i.o
       178          0          0          0          0         88   _printf_intcommon.o
        10          0          0          0          0          0   _printf_l.o
         6          0          0          0          0          0   _printf_lc.o
        10          0          0          0          0          0   _printf_ll.o
         6          0          0          0          0          0   _printf_lld.o
         6          0          0          0          0          0   _printf_lli.o
         6          0          0          0          0          0   _printf_llo.o
         6          0          0          0          0          0   _printf_llu.o
         6          0          0          0          0          0   _printf_llx.o
       124         16          0          0          0         92   _printf_longlong_dec.o
         6          0          0          0          0          0   _printf_ls.o
         6          0          0          0          0          0   _printf_n.o
         6          0          0          0          0          0   _printf_o.o
       112          8          0          0          0        124   _printf_oct_int_ll.o
         6          0          0          0          0          0   _printf_p.o
        78          0          0          0          0        108   _printf_pad.o
         0          0          0          0          0          0   _printf_percent.o
         4          0          0          0          0          0   _printf_percent_end.o
         6          0          0          0          0          0   _printf_s.o
        82          0          0          0          0         80   _printf_str.o
        36          0          0          0          0         84   _printf_truncate.o
         6          0          0          0          0          0   _printf_u.o
        44          0          0          0          0        108   _printf_wchar.o
       188          6          8          0          0         92   _printf_wctomb.o
         6          0          0          0          0          0   _printf_x.o
       884          6          0          0          0        100   _scanf.o
       332          0          0          0          0         96   _scanf_int.o
        64          0          0          0          0         84   _sgetc.o
        10          0          0          0          0         68   _sputc.o
        64          0          0          0          0         92   _wcrtomb.o
       220          4        148          0          0         96   bigflt0.o
      1910        128          0          0          0        672   btod.o
        36          4          0          0          0         76   c89vsprintf.o
        18          0          0          0          0         80   exit.o
         6          0          0          0          0        152   heapauxi.o
         0          0          0          0          0          0   indicate_semi.o
        18          0          0          0          0         76   isspace.o
        44         10        272          0          0         76   lc_ctype_c.o
        44         10         28          0          0         76   lc_numeric_c.o
         2          0          0          0          0          0   libinit.o
        34          0          0          0          0          0   libinit2.o
         2          0          0          0          0          0   libshutdown.o
         2          0          0          0          0          0   libshutdown2.o
         8          4          0          0         96         68   libspace.o
       138          0          0          0          0         80   lludiv10.o
       112         18          0          0        228        160   rand.o
        16          4          0          0          0         76   rt_ctype_table.o
         8          4          0          0          0         68   rt_locale_intlibspace.o
        68          0          0          0          0         68   rt_memclr.o
        78          0          0          0          0         80   rt_memclr_w.o
       138          0          0          0          0         68   rt_memcpy_v6.o
       100          0          0          0          0         80   rt_memcpy_w.o
         2          0          0          0          0          0   rtexit.o
        10          0          0          0          0          0   rtexit2.o
        44          8          0          0          0         84   scanf_char.o
       128          0          0          0          0         68   strcmpv7m.o
        36          0          0          0          0         80   strstr.o
        12          4          0          0          0         68   sys_exit.o
        74          0          0          0          0         80   sys_stackheap_outer.o
         2          0          0          0          0         68   use_no_semi.o
         4          0          0          0          0         68   printf1.o
         0          0          0          0          0          0   usenofp.o
        40          0          0          0          0         68   fpclassify.o

    ----------------------------------------------------------------------
      7956        302        516          0        328       5140   Library Totals
        14          0          3          0          4          0   (incl. Padding)

    ----------------------------------------------------------------------

      Code (inc. data)   RO Data    RW Data    ZI Data      Debug   Library Name

      7898        302        513          0        324       5004   c_w.l
         4          0          0          0          0         68   fz_ws.l
        40          0          0          0          0         68   m_ws.l

    ----------------------------------------------------------------------
      7956        302        516          0        328       5140   Library Totals

    ----------------------------------------------------------------------

==============================================================================


      Code (inc. data)   RO Data    RW Data    ZI Data      Debug   

     28108       5388        904        160      63928     373763   Grand Totals
     28108       5388        904        160      63928     373763   ELF Image Totals
     28108       5388        904        160          0          0   ROM Totals

==============================================================================

    Total RO  Size (Code + RO Data)                29012 (  28.33kB)
    Total RW  Size (RW Data + ZI Data)             64088 (  62.59kB)
    Total ROM Size (Code + RO Data + RW Data)      29172 (  28.49kB)

==============================================================================

