<html>
<body>
<pre>
<h1>礦ision Build Log</h1>
<h2>Tool Versions:</h2>
IDE-Version: μVision V5.18.0.0
Copyright (C) 2016 ARM Ltd and ARM Germany GmbH. All rights reserved.
License Information: saas ZhangZhen, asda, LIC=50D74-FMVII-ZELH2-9YPDR-Z4PUR-6LSXQ
 
Tool Versions:
Toolchain:       MDK-ARM Professional  Version: 5.18
Toolchain Path:  F:\SoftWare\Keil5\ARM\ARMCC\Bin
C Compiler:      Armcc.exe V5.06 update 1 (build 61)
Assembler:       Armasm.exe V5.06 update 1 (build 61)
Linker/Locator:  ArmLink.exe V5.06 update 1 (build 61)
Library Manager: ArmAr.exe V5.06 update 1 (build 61)
Hex Converter:   FromElf.exe V5.06 update 1 (build 61)
CPU DLL:         SARMCM3.DLL V5.18
Dialog DLL:      DCM.DLL V1.13.6.0
Target DLL:      STLink\ST-LINKIII-KEIL_SWO.dll V2.0.18.0
Dialog DLL:      TCM.DLL V1.14.8.0
 
<h2>Project:</h2>
D:\【实验室项目】\【温岭项目】\【温岭-黄帅mini】190821主动-时间片-4G重连更新版 (3)\【温岭-黄帅mini】190821主动-时间片-4G重连更新版\0821主动-时间片\code\USER\Template.uvprojx
Project File Date:  12/10/2019

<h2>Output:</h2>
*** Using Compiler 'V5.06 update 1 (build 61)', folder: 'F:\SoftWare\Keil5\ARM\ARMCC\Bin'
Rebuild target 'Template'
compiling system_stm32f10x.c...
compiling stm32f10x_it.c...
compiling main.c...
compiling delay.c...
compiling usart.c...
compiling sys.c...
compiling rs485.c...
compiling GPRS.c...
..\HARDWARE\GPRS\GPRS.c(435): warning:  #111-D: statement is unreachable
  			M_printf("sys->gprstimecount_s=%d\r\n",	sys->gprstimecount_s);
..\HARDWARE\GPRS\GPRS.c(552): warning:  #177-D: variable "temp" was declared but never referenced
  	u8 temp=0;
..\HARDWARE\GPRS\GPRS.c(1593): warning:  #177-D: variable "num" was declared but never referenced
  	static u8 num=16;
..\HARDWARE\GPRS\GPRS.c(316): warning:  #177-D: function "send_at_cmd_noack" was declared but never referenced
  static void send_at_cmd_noack(char *s_at_cmd,u16 cmd_len)         
..\HARDWARE\GPRS\GPRS.c: 4 warnings, 0 errors
compiling timer.c...
compiling core_cm3.c...
compiling spi.c...
assembling startup_stm32f10x_hd.s...
compiling w25qxx.c...
compiling misc.c...
compiling stm32f10x_adc.c...
compiling stm32f10x_bkp.c...
compiling stm32f10x_cec.c...
compiling stm32f10x_can.c...
compiling stm32f10x_crc.c...
compiling stm32f10x_dbgmcu.c...
compiling stm32f10x_dac.c...
compiling stm32f10x_dma.c...
compiling stm32f10x_exti.c...
compiling stm32f10x_fsmc.c...
compiling stm32f10x_flash.c...
compiling stm32f10x_gpio.c...
compiling stm32f10x_iwdg.c...
compiling stm32f10x_i2c.c...
compiling stm32f10x_pwr.c...
compiling stm32f10x_rcc.c...
compiling stm32f10x_rtc.c...
compiling stm32f10x_sdio.c...
compiling stm32f10x_spi.c...
compiling stm32f10x_tim.c...
compiling stm32f10x_wwdg.c...
compiling stm32f10x_usart.c...
linking...
Program Size: Code=28108 RO-data=904 RW-data=160 ZI-data=63928  
FromELF: creating hex file...
"..\OBJ\Template.axf" - 0 Error(s), 4 Warning(s).

<h2>Collection of Component include folders:</h2>
  D:\【实验室项目】\【温岭项目】\【温岭-黄帅mini】190821主动-时间片-4G重连更新版 (3)\【温岭-黄帅mini】190821主动-时间片-4G重连更新版\0821主动-时间片\code\USER\RTE
  F:\SoftWare\Keil5\ARM\PACK\Keil\STM32F1xx_DFP\1.0.5\Device\Include

<h2>Collection of Component Files used:</h2>
Build Time Elapsed:  00:00:15
</pre>
</body>
</html>
